[2026-08-30 11:53:03] شروع اجرای روزانه
[2026-08-30 12:01:34] شروع اجرای روزانه
[2026-08-30 12:01:34] نمره سلامت: 42 - زرد 🟡
[2026-08-30 12:01:34] خروجی ذخیره شد (وضعیت غیرسبز)
[2026-08-30 12:07:00] شروع اجرای روزانه
[2026-08-30 12:07:00] نمره سلامت: 42 - زرد 🟡
[2026-08-30 12:07:00] ریسک ریزش: 🔴 ریسک ریزش بالا - بیشتر سهام (2 از 3) زیر آستانه‌ی نقدینگی 17,000,000 تومان هستند. احتمال ریزش در روزهای آینده زیاد است.
[2026-08-30 12:07:00] خروجی ذخیره شد (وضعیت غیرسبز)
[2026-08-30 12:37:15] شروع اجرای روزانه
[2026-08-30 12:38:04] ریسک خبری کاربر: 1
[2026-08-30 12:38:04] نمره سلامت: 42 - زرد 🟡
[2026-08-30 12:38:04] تأثیر رویدادها: بدون رویداد - امروز رویداد خاصی برنامه‌ریزی نشده است.
[2026-08-30 12:38:04] خروجی نهایی ذخیره شد
[2026-08-30 13:29:31] شروع اجرای روزانه
[2026-08-30 18:49:24] شروع اجرای روزانه
[2026-08-30 18:49:28] ریسک خبری کاربر: 1
[2026-08-30 18:49:28] نمره سلامت: 42 - زرد 🟡
[2026-08-30 18:49:28] تأثیر رویدادها: بدون رویداد - امروز رویداد خاصی برنامه‌ریزی نشده است.
[2026-08-30 18:49:28] خروجی نهایی ذخیره شد
[2026-08-31 01:39:02.303860] شروع گزارش روزانه
[2026-08-31 01:39:15.966788] ریسک خبری: 7
[2026-08-31 01:39:15.979489] نوع ریزش: نامشخص 🟠
[2026-08-31 01:39:16.148266] گزارش روزانه تکمیل شد.
[2026-08-31 01:49:46.703807] شروع گزارش روزانه
[2026-08-31 09:54:30.812865] شروع گزارش روزانه
[2026-08-31 09:59:12.442505] ریسک خبری: 3
[2026-08-31 09:59:12.461214] نوع ریزش: نامشخص 🟠
[2026-08-31 09:59:12.756953] گزارش روزانه تکمیل شد.
[2026-09-03 20:40:13.649344] شروع گزارش روزانه
[2026-09-03 20:40:16.624705] ریسک خبری: 2
[2026-09-03 20:40:16.647059] نوع ریزش: نامشخص 🟠
[2026-09-03 20:40:16.880201] گزارش روزانه تکمیل شد.
[2026-09-06 13:32:17] شروع گزارش روزانه
[2026-09-06 13:32:20] ریسک خبری: 3
[2026-09-06 13:32:20] خطا در تحلیل هوش مصنوعی برای خگستر: 'WhaleDetector' object has no attribute 'detect_real_whales'
[2026-09-06 13:32:20] خطا در تحلیل هوش مصنوعی برای خبهمن: 'WhaleDetector' object has no attribute 'detect_real_whales'
[2026-09-06 13:32:20] خطا در تحلیل هوش مصنوعی برای فولاد: 'WhaleDetector' object has no attribute 'detect_real_whales'
[2026-09-06 13:32:20] خطا در تحلیل هوش مصنوعی برای فملی: 'WhaleDetector' object has no attribute 'detect_real_whales'
[2026-09-06 13:32:21] گزارش روزانه تکمیل شد.
[2026-09-06 17:37:59] شروع گزارش روزانه
[2026-09-06 17:38:02] ریسک خبری: 3
[2026-09-06 17:38:03] خطا در تحلیل هوش مصنوعی برای خگستر: 'WhaleDetector' object has no attribute 'detect_real_whales'
[2026-09-06 17:38:03] خطا در تحلیل هوش مصنوعی برای خبهمن: 'WhaleDetector' object has no attribute 'detect_real_whales'
[2026-09-06 17:38:03] خطا در تحلیل هوش مصنوعی برای فولاد: 'WhaleDetector' object has no attribute 'detect_real_whales'
[2026-09-06 17:38:03] خطا در تحلیل هوش مصنوعی برای فملی: 'WhaleDetector' object has no attribute 'detect_real_whales'
[2026-09-06 17:39:32] گزارش روزانه تکمیل شد.
[2026-09-06 18:03:27] شروع گزارش روزانه
[2026-09-06 18:04:20] ریسک خبری: 3
[2026-09-06 18:04:20] خطا در تحلیل هوش مصنوعی برای خگستر: 'WhaleDetector' object has no attribute 'detect_real_whales'
[2026-09-06 18:04:20] خطا در تحلیل هوش مصنوعی برای خبهمن: 'WhaleDetector' object has no attribute 'detect_real_whales'
[2026-09-06 18:04:20] خطا در تحلیل هوش مصنوعی برای فولاد: 'WhaleDetector' object has no attribute 'detect_real_whales'
[2026-09-06 18:04:20] خطا در تحلیل هوش مصنوعی برای فملی: 'WhaleDetector' object has no attribute 'detect_real_whales'
[2026-09-06 18:05:44] گزارش روزانه تکمیل شد.
[2026-09-06 19:51:30] شروع گزارش روزانه
[2026-09-06 19:51:44] ریسک خبری: 3
[2026-09-06 19:51:44] خطا در تحلیل هوش مصنوعی برای خگستر: 'WhaleDetector' object has no attribute 'detect_real_whales'
[2026-09-06 19:51:44] خطا در تحلیل هوش مصنوعی برای خبهمن: 'WhaleDetector' object has no attribute 'detect_real_whales'
[2026-09-06 19:51:44] خطا در تحلیل هوش مصنوعی برای فولاد: 'WhaleDetector' object has no attribute 'detect_real_whales'
[2026-09-06 19:51:44] خطا در تحلیل هوش مصنوعی برای فملی: 'WhaleDetector' object has no attribute 'detect_real_whales'
[2026-09-06 19:52:58] گزارش روزانه تکمیل شد.
[2026-09-07 10:45:36] شروع گزارش روزانه
[2026-09-07 10:46:10] ریسک خبری: 3
[2026-09-07 10:46:10] خطا در تحلیل هوش مصنوعی برای خگستر: 'WhaleDetector' object has no attribute 'detect_real_whales'
[2026-09-07 10:46:10] خطا در تحلیل هوش مصنوعی برای فولاد: 'WhaleDetector' object has no attribute 'detect_real_whales'
[2026-09-07 10:46:10] خطا در تحلیل هوش مصنوعی برای فملی: 'WhaleDetector' object has no attribute 'detect_real_whales'
[2026-09-07 10:46:10] خطا در تحلیل هوش مصنوعی برای خودرو: 'WhaleDetector' object has no attribute 'detect_real_whales'
[2026-09-07 10:46:10] خطا در تحلیل هوش مصنوعی برای خبهمن: 'WhaleDetector' object has no attribute 'detect_real_whales'
[2026-09-07 10:46:10] خطا در تحلیل هوش مصنوعی برای شپنا: 'WhaleDetector' object has no attribute 'detect_real_whales'
[2026-09-07 10:46:10] خطا در تحلیل هوش مصنوعی برای شستا: 'WhaleDetector' object has no attribute 'detect_real_whales'
[2026-09-07 10:46:10] خطا در تحلیل هوش مصنوعی برای کگل: 'WhaleDetector' object has no attribute 'detect_real_whales'
[2026-09-07 10:46:10] خطا در تحلیل هوش مصنوعی برای وبملت: 'WhaleDetector' object has no attribute 'detect_real_whales'
[2026-09-07 10:46:10] خطا در تحلیل هوش مصنوعی برای فارس: 'WhaleDetector' object has no attribute 'detect_real_whales'
[2026-09-07 10:46:10] خطا در تحلیل هوش مصنوعی برای حکشتی: 'WhaleDetector' object has no attribute 'detect_real_whales'
[2026-09-07 10:47:28] خطا در اسکن لحظه‌ای: Execution failed on sql '
            SELECT price, timestamp FROM live_data 
            WHERE symbol = 'خگستر'
            AND timestamp > datetime('now', '-1 minutes')
            ORDER BY timestamp
        ': no such table: live_data
[2026-09-07 10:47:28] خطا در ثبت معاملات: name 'pd' is not defined
[2026-09-07 10:47:28] گزارش روزانه تکمیل شد.
[2026-09-07 11:12:21] شروع گزارش روزانه
[2026-09-07 11:12:28] ریسک خبری: 2
[2026-09-07 11:12:28] خطا در تحلیل هوش مصنوعی برای خگستر: 'WhaleDetector' object has no attribute 'detect_real_whales'
[2026-09-07 11:12:28] خطا در تحلیل هوش مصنوعی برای فولاد: 'WhaleDetector' object has no attribute 'detect_real_whales'
[2026-09-07 11:12:28] خطا در تحلیل هوش مصنوعی برای فملی: 'WhaleDetector' object has no attribute 'detect_real_whales'
[2026-09-07 11:12:28] خطا در تحلیل هوش مصنوعی برای خودرو: 'WhaleDetector' object has no attribute 'detect_real_whales'
[2026-09-07 11:12:28] خطا در تحلیل هوش مصنوعی برای خبهمن: 'WhaleDetector' object has no attribute 'detect_real_whales'
[2026-09-07 11:12:28] خطا در تحلیل هوش مصنوعی برای شپنا: 'WhaleDetector' object has no attribute 'detect_real_whales'
[2026-09-07 11:12:28] خطا در تحلیل هوش مصنوعی برای شستا: 'WhaleDetector' object has no attribute 'detect_real_whales'
[2026-09-07 11:12:28] خطا در تحلیل هوش مصنوعی برای کگل: 'WhaleDetector' object has no attribute 'detect_real_whales'
[2026-09-07 11:12:28] خطا در تحلیل هوش مصنوعی برای وبملت: 'WhaleDetector' object has no attribute 'detect_real_whales'
[2026-09-07 11:12:28] خطا در تحلیل هوش مصنوعی برای فارس: 'WhaleDetector' object has no attribute 'detect_real_whales'
[2026-09-07 11:12:28] خطا در تحلیل هوش مصنوعی برای حکشتی: 'WhaleDetector' object has no attribute 'detect_real_whales'
[2026-09-07 11:13:46] خطا در اسکن لحظه‌ای: Execution failed on sql '
            SELECT price, timestamp FROM live_data 
            WHERE symbol = 'خگستر'
            AND timestamp > datetime('now', '-1 minutes')
            ORDER BY timestamp
        ': no such table: live_data
[2026-09-07 11:13:46] خطا در ثبت معاملات: name 'pd' is not defined
[2026-09-07 11:13:46] گزارش روزانه تکمیل شد.
[2026-09-07 11:55:35] شروع گزارش روزانه
[2026-09-07 11:58:09] ریسک خبری: 2
[2026-09-07 11:58:09] خطا در تحلیل هوش مصنوعی برای خگستر: 'WhaleDetector' object has no attribute 'detect_real_whales'
[2026-09-07 11:58:09] خطا در تحلیل هوش مصنوعی برای فولاد: 'WhaleDetector' object has no attribute 'detect_real_whales'
[2026-09-07 11:58:09] خطا در تحلیل هوش مصنوعی برای فملی: 'WhaleDetector' object has no attribute 'detect_real_whales'
[2026-09-07 11:58:09] خطا در تحلیل هوش مصنوعی برای خودرو: 'WhaleDetector' object has no attribute 'detect_real_whales'
[2026-09-07 11:58:09] خطا در تحلیل هوش مصنوعی برای خبهمن: 'WhaleDetector' object has no attribute 'detect_real_whales'
[2026-09-07 11:58:09] خطا در تحلیل هوش مصنوعی برای شپنا: 'WhaleDetector' object has no attribute 'detect_real_whales'
[2026-09-07 11:58:09] خطا در تحلیل هوش مصنوعی برای شستا: 'WhaleDetector' object has no attribute 'detect_real_whales'
[2026-09-07 11:58:09] خطا در تحلیل هوش مصنوعی برای کگل: 'WhaleDetector' object has no attribute 'detect_real_whales'
[2026-09-07 11:58:09] خطا در تحلیل هوش مصنوعی برای وبملت: 'WhaleDetector' object has no attribute 'detect_real_whales'
[2026-09-07 11:58:09] خطا در تحلیل هوش مصنوعی برای فارس: 'WhaleDetector' object has no attribute 'detect_real_whales'
[2026-09-07 11:58:09] خطا در تحلیل هوش مصنوعی برای حکشتی: 'WhaleDetector' object has no attribute 'detect_real_whales'
[2026-09-07 11:59:22] خطا در اسکن لحظه‌ای: Execution failed on sql '
            SELECT price, timestamp FROM live_data 
            WHERE symbol = 'خگستر'
            AND timestamp > datetime('now', '-1 minutes')
            ORDER BY timestamp
        ': no such table: live_data
[2026-09-07 11:59:22] خطا در ثبت معاملات: name 'pd' is not defined
[2026-09-07 11:59:23] گزارش روزانه تکمیل شد.
[2026-09-08 10:56:52] شروع گزارش روزانه
[2026-09-08 10:59:24] ریسک خبری: 3
[2026-09-08 10:59:25] خطا در تحلیل هوش مصنوعی برای خگستر: 'WhaleDetector' object has no attribute 'detect_real_whales'
[2026-09-08 10:59:25] خطا در تحلیل هوش مصنوعی برای فولاد: 'WhaleDetector' object has no attribute 'detect_real_whales'
[2026-09-08 10:59:25] خطا در تحلیل هوش مصنوعی برای فملی: 'WhaleDetector' object has no attribute 'detect_real_whales'
[2026-09-08 10:59:25] خطا در تحلیل هوش مصنوعی برای خودرو: 'WhaleDetector' object has no attribute 'detect_real_whales'
[2026-09-08 10:59:25] خطا در تحلیل هوش مصنوعی برای خبهمن: 'WhaleDetector' object has no attribute 'detect_real_whales'
[2026-09-08 10:59:25] خطا در تحلیل هوش مصنوعی برای شپنا: 'WhaleDetector' object has no attribute 'detect_real_whales'
[2026-09-08 10:59:25] خطا در تحلیل هوش مصنوعی برای شستا: 'WhaleDetector' object has no attribute 'detect_real_whales'
[2026-09-08 10:59:25] خطا در تحلیل هوش مصنوعی برای کگل: 'WhaleDetector' object has no attribute 'detect_real_whales'
[2026-09-08 10:59:25] خطا در تحلیل هوش مصنوعی برای وبملت: 'WhaleDetector' object has no attribute 'detect_real_whales'
[2026-09-08 10:59:25] خطا در تحلیل هوش مصنوعی برای فارس: 'WhaleDetector' object has no attribute 'detect_real_whales'
[2026-09-08 10:59:25] خطا در تحلیل هوش مصنوعی برای حکشتی: 'WhaleDetector' object has no attribute 'detect_real_whales'
[2026-09-08 11:01:04] خطا در اسکن لحظه‌ای: Execution failed on sql '
            SELECT price, timestamp FROM live_data 
            WHERE symbol = 'خگستر'
            AND timestamp > datetime('now', '-1 minutes')
            ORDER BY timestamp
        ': no such table: live_data
[2026-09-08 11:01:04] خطا در ثبت معاملات: name 'pd' is not defined
[2026-09-08 11:01:04] گزارش روزانه تکمیل شد.
[2026-09-08 11:09:51] شروع گزارش روزانه
[2026-09-08 11:12:56] ریسک خبری: 3
[2026-09-08 11:12:56] خطا در تحلیل هوش مصنوعی برای خگستر: 'WhaleDetector' object has no attribute 'detect_real_whales'
[2026-09-08 11:12:56] خطا در تحلیل هوش مصنوعی برای فولاد: 'WhaleDetector' object has no attribute 'detect_real_whales'
[2026-09-08 11:12:56] خطا در تحلیل هوش مصنوعی برای فملی: 'WhaleDetector' object has no attribute 'detect_real_whales'
[2026-09-08 11:12:56] خطا در تحلیل هوش مصنوعی برای خودرو: 'WhaleDetector' object has no attribute 'detect_real_whales'
[2026-09-08 11:12:56] خطا در تحلیل هوش مصنوعی برای خبهمن: 'WhaleDetector' object has no attribute 'detect_real_whales'
[2026-09-08 11:12:56] خطا در تحلیل هوش مصنوعی برای شپنا: 'WhaleDetector' object has no attribute 'detect_real_whales'
[2026-09-08 11:12:56] خطا در تحلیل هوش مصنوعی برای شستا: 'WhaleDetector' object has no attribute 'detect_real_whales'
[2026-09-08 11:12:56] خطا در تحلیل هوش مصنوعی برای کگل: 'WhaleDetector' object has no attribute 'detect_real_whales'
[2026-09-08 11:12:56] خطا در تحلیل هوش مصنوعی برای وبملت: 'WhaleDetector' object has no attribute 'detect_real_whales'
[2026-09-08 11:12:56] خطا در تحلیل هوش مصنوعی برای فارس: 'WhaleDetector' object has no attribute 'detect_real_whales'
[2026-09-08 11:12:56] خطا در تحلیل هوش مصنوعی برای حکشتی: 'WhaleDetector' object has no attribute 'detect_real_whales'
[2026-09-08 11:14:05] خطا در اسکن لحظه‌ای: Execution failed on sql '
            SELECT price, timestamp FROM live_data 
            WHERE symbol = 'خگستر'
            AND timestamp > datetime('now', '-1 minutes')
            ORDER BY timestamp
        ': no such table: live_data
[2026-09-08 11:14:05] خطا در ثبت معاملات: name 'pd' is not defined
[2026-09-08 11:14:05] گزارش روزانه تکمیل شد.
[2026-09-09 11:03:22] شروع گزارش روزانه
