[2026-09-01 17:16:55.258010] شروع اسکن کامل بازار
[2026-09-01 17:16:55.395610] خطا در دریافت نمادها: 'Database' object has no attribute 'get_all_symbols'
[2026-09-01 17:16:55.420826] هیچ داده‌ای پیدا نشد
[2026-09-01 17:30:30.192850] شروع اسکن کامل بازار
[2026-09-01 17:30:30.208253] خطا در دریافت نمادها: 'Database' object has no attribute 'get_all_symbols'
[2026-09-01 17:30:30.222748] هیچ داده‌ای پیدا نشد
[2026-09-01 17:42:04.139324] شروع اسکن کامل بازار
[2026-09-01 17:42:04.167013] 1398 نماد از دیتابیس دریافت شد
[2026-09-01 17:42:04.175292] 1398 نماد پیدا شد
[2026-09-01 17:43:03.548830] تحلیل 0 سهم با موفقیت انجام شد
[2026-09-01 17:43:03.563284] هیچ داده‌ای پیدا نشد
[2026-09-01 19:02:17.929870] شروع اسکن کامل بازار
[2026-09-01 19:02:17.957272] 1415 نماد از دیتابیس دریافت شد
[2026-09-01 19:02:17.965056] 1415 نماد پیدا شد
[2026-09-01 19:02:21.014398] خطا در محاسبه اندیکاتورها: 'str' object has no attribute 'close_price'
[2026-09-01 19:02:22.041131] خطا در محاسبه اندیکاتورها: 'str' object has no attribute 'close_price'
[2026-09-01 19:02:22.093777] خطا در محاسبه اندیکاتورها: 'str' object has no attribute 'close_price'
[2026-09-01 19:02:23.182068] خطا در محاسبه اندیکاتورها: 'str' object has no attribute 'close_price'
[2026-09-01 19:02:23.281861] خطا در محاسبه اندیکاتورها: 'str' object has no attribute 'close_price'
[2026-09-01 19:02:23.573636] خطا در محاسبه اندیکاتورها: 'str' object has no attribute 'close_price'
[2026-09-01 19:02:24.095908] خطا در محاسبه اندیکاتورها: 'str' object has no attribute 'close_price'
[2026-09-01 19:02:24.331398] خطا در محاسبه اندیکاتورها: 'str' object has no attribute 'close_price'
[2026-09-01 19:02:24.524068] خطا در محاسبه اندیکاتورها: 'str' object has no attribute 'close_price'
[2026-09-01 19:02:25.277595] خطا در محاسبه اندیکاتورها: 'str' object has no attribute 'close_price'
[2026-09-01 19:02:25.330421] خطا در محاسبه اندیکاتورها: 'str' object has no attribute 'close_price'
[2026-09-01 19:02:25.429520] خطا در محاسبه اندیکاتورها: 'str' object has no attribute 'close_price'
[2026-09-01 19:03:20.754437] تحلیل 0 سهم با موفقیت انجام شد
[2026-09-01 19:03:20.763672] هیچ داده‌ای پیدا نشد
[2026-09-01 22:06:29.323365] شروع اسکن کامل بازار
[2026-09-01 22:06:29.412016] 1415 نماد از دیتابیس دریافت شد
[2026-09-01 22:06:29.418837] 1415 نماد پیدا شد
[2026-09-01 22:06:30.154172] خطا در محاسبه اندیکاتورها: 'str' object has no attribute 'close_price'
[2026-09-01 22:06:30.299015] خطا در محاسبه اندیکاتورها: 'str' object has no attribute 'close_price'
[2026-09-01 22:06:30.350951] خطا در محاسبه اندیکاتورها: 'str' object has no attribute 'close_price'
[2026-09-01 22:06:30.456261] خطا در محاسبه اندیکاتورها: 'str' object has no attribute 'close_price'
[2026-09-01 22:06:30.512997] خطا در محاسبه اندیکاتورها: 'str' object has no attribute 'close_price'
[2026-09-01 22:06:30.565716] خطا در محاسبه اندیکاتورها: 'str' object has no attribute 'close_price'
[2026-09-01 22:06:30.621182] خطا در محاسبه اندیکاتورها: 'str' object has no attribute 'close_price'
[2026-09-01 22:06:30.701461] خطا در محاسبه اندیکاتورها: 'str' object has no attribute 'close_price'
[2026-09-01 22:06:30.904188] خطا در محاسبه اندیکاتورها: 'str' object has no attribute 'close_price'
[2026-09-01 22:06:31.242775] خطا در محاسبه اندیکاتورها: 'str' object has no attribute 'close_price'
[2026-09-01 22:06:31.290296] خطا در محاسبه اندیکاتورها: 'str' object has no attribute 'close_price'
[2026-09-01 22:06:31.338398] خطا در محاسبه اندیکاتورها: 'str' object has no attribute 'close_price'
[2026-09-01 22:06:31.420717] خطا در محاسبه اندیکاتورها: 'str' object has no attribute 'close_price'
[2026-09-01 22:06:31.513068] خطا در محاسبه اندیکاتورها: 'str' object has no attribute 'close_price'
[2026-09-01 22:06:31.562478] خطا در محاسبه اندیکاتورها: 'str' object has no attribute 'close_price'
[2026-09-01 22:06:31.610953] خطا در محاسبه اندیکاتورها: 'str' object has no attribute 'close_price'
[2026-09-01 22:06:31.671616] خطا در محاسبه اندیکاتورها: 'str' object has no attribute 'close_price'
[2026-09-01 22:06:31.724046] خطا در محاسبه اندیکاتورها: 'str' object has no attribute 'close_price'
[2026-09-01 22:06:31.786576] خطا در محاسبه اندیکاتورها: 'str' object has no attribute 'close_price'
[2026-09-01 22:06:31.855292] خطا در محاسبه اندیکاتورها: 'str' object has no attribute 'close_price'
[2026-09-01 22:06:31.951528] خطا در محاسبه اندیکاتورها: 'str' object has no attribute 'close_price'
[2026-09-01 22:06:32.002436] خطا در محاسبه اندیکاتورها: 'str' object has no attribute 'close_price'
[2026-09-01 22:06:32.077535] خطا در محاسبه اندیکاتورها: 'str' object has no attribute 'close_price'
[2026-09-01 22:06:32.135747] خطا در محاسبه اندیکاتورها: 'str' object has no attribute 'close_price'
[2026-09-01 22:06:32.399160] خطا در محاسبه اندیکاتورها: 'str' object has no attribute 'close_price'
[2026-09-01 22:06:32.451203] خطا در محاسبه اندیکاتورها: 'str' object has no attribute 'close_price'
[2026-09-01 22:06:32.588285] خطا در محاسبه اندیکاتورها: 'str' object has no attribute 'close_price'
[2026-09-01 22:06:32.640530] خطا در محاسبه اندیکاتورها: 'str' object has no attribute 'close_price'
[2026-09-01 22:06:32.695850] خطا در محاسبه اندیکاتورها: 'str' object has no attribute 'close_price'
[2026-09-01 22:06:32.749223] خطا در محاسبه اندیکاتورها: 'str' object has no attribute 'close_price'
[2026-09-01 22:06:32.817489] خطا در محاسبه اندیکاتورها: 'str' object has no attribute 'close_price'
[2026-09-01 22:06:32.961282] خطا در محاسبه اندیکاتورها: 'str' object has no attribute 'close_price'
[2026-09-01 22:06:33.028914] خطا در محاسبه اندیکاتورها: 'str' object has no attribute 'close_price'
[2026-09-01 22:06:33.126571] خطا در محاسبه اندیکاتورها: 'str' object has no attribute 'close_price'
[2026-09-01 22:06:33.178793] خطا در محاسبه اندیکاتورها: 'str' object has no attribute 'close_price'
[2026-09-01 22:06:33.284577] خطا در محاسبه اندیکاتورها: 'str' object has no attribute 'close_price'
[2026-09-01 22:06:33.350621] خطا در محاسبه اندیکاتورها: 'str' object has no attribute 'close_price'
[2026-09-01 22:06:33.398720] خطا در محاسبه اندیکاتورها: 'str' object has no attribute 'close_price'
[2026-09-01 22:06:33.451348] خطا در محاسبه اندیکاتورها: 'str' object has no attribute 'close_price'
[2026-09-01 22:06:33.606759] خطا در محاسبه اندیکاتورها: 'str' object has no attribute 'close_price'
[2026-09-01 22:06:33.709725] خطا در محاسبه اندیکاتورها: 'str' object has no attribute 'close_price'
[2026-09-01 22:06:33.889770] خطا در محاسبه اندیکاتورها: 'str' object has no attribute 'close_price'
[2026-09-01 22:06:34.019148] خطا در محاسبه اندیکاتورها: 'str' object has no attribute 'close_price'
[2026-09-01 22:06:34.072078] خطا در محاسبه اندیکاتورها: 'str' object has no attribute 'close_price'
[2026-09-01 22:06:34.136548] خطا در محاسبه اندیکاتورها: 'str' object has no attribute 'close_price'
[2026-09-01 22:06:34.189422] خطا در محاسبه اندیکاتورها: 'str' object has no attribute 'close_price'
[2026-09-01 22:06:34.282573] خطا در محاسبه اندیکاتورها: 'str' object has no attribute 'close_price'
[2026-09-01 22:06:34.344693] خطا در محاسبه اندیکاتورها: 'str' object has no attribute 'close_price'
[2026-09-01 22:06:34.421620] خطا در محاسبه اندیکاتورها: 'str' object has no attribute 'close_price'
[2026-09-01 22:06:34.478470] خطا در محاسبه اندیکاتورها: 'str' object has no attribute 'close_price'
[2026-09-01 22:06:34.628981] خطا در محاسبه اندیکاتورها: 'str' object has no attribute 'close_price'
[2026-09-01 22:06:34.694432] خطا در محاسبه اندیکاتورها: 'str' object has no attribute 'close_price'
[2026-09-01 22:06:34.890543] خطا در محاسبه اندیکاتورها: 'str' object has no attribute 'close_price'
[2026-09-01 22:06:35.044002] خطا در محاسبه اندیکاتورها: 'str' object has no attribute 'close_price'
[2026-09-01 22:06:35.251479] خطا در محاسبه اندیکاتورها: 'str' object has no attribute 'close_price'
[2026-09-01 22:06:35.335478] خطا در محاسبه اندیکاتورها: 'str' object has no attribute 'close_price'
[2026-09-01 22:06:35.403455] خطا در محاسبه اندیکاتورها: 'str' object has no attribute 'close_price'
[2026-09-01 22:06:35.557441] خطا در محاسبه اندیکاتورها: 'str' object has no attribute 'close_price'
[2026-09-01 22:06:35.626993] خطا در محاسبه اندیکاتورها: 'str' object has no attribute 'close_price'
[2026-09-01 22:06:35.678969] خطا در محاسبه اندیکاتورها: 'str' object has no attribute 'close_price'
[2026-09-01 22:06:35.729677] خطا در محاسبه اندیکاتورها: 'str' object has no attribute 'close_price'
[2026-09-01 22:06:35.794561] خطا در محاسبه اندیکاتورها: 'str' object has no attribute 'close_price'
[2026-09-01 22:06:35.860941] خطا در محاسبه اندیکاتورها: 'str' object has no attribute 'close_price'
[2026-09-01 22:06:35.934684] خطا در محاسبه اندیکاتورها: 'str' object has no attribute 'close_price'
[2026-09-01 22:06:35.990030] خطا در محاسبه اندیکاتورها: 'str' object has no attribute 'close_price'
[2026-09-01 22:06:36.039844] خطا در محاسبه اندیکاتورها: 'str' object has no attribute 'close_price'
[2026-09-01 22:06:36.090849] خطا در محاسبه اندیکاتورها: 'str' object has no attribute 'close_price'
[2026-09-01 22:06:36.166270] خطا در محاسبه اندیکاتورها: 'str' object has no attribute 'close_price'
[2026-09-01 22:06:36.423031] خطا در محاسبه اندیکاتورها: 'str' object has no attribute 'close_price'
[2026-09-01 22:06:36.478961] خطا در محاسبه اندیکاتورها: 'str' object has no attribute 'close_price'
[2026-09-01 22:06:37.494740] خطا در محاسبه اندیکاتورها: 'str' object has no attribute 'close_price'
[2026-09-01 22:06:37.718284] خطا در محاسبه اندیکاتورها: 'str' object has no attribute 'close_price'
[2026-09-01 22:06:37.941070] خطا در محاسبه اندیکاتورها: 'str' object has no attribute 'close_price'
[2026-09-01 22:06:38.064960] خطا در محاسبه اندیکاتورها: 'str' object has no attribute 'close_price'
[2026-09-01 22:06:38.130561] خطا در محاسبه اندیکاتورها: 'str' object has no attribute 'close_price'
[2026-09-01 22:06:38.416444] خطا در محاسبه اندیکاتورها: 'str' object has no attribute 'close_price'
[2026-09-01 22:06:38.528358] خطا در محاسبه اندیکاتورها: 'str' object has no attribute 'close_price'
[2026-09-01 22:06:38.625432] خطا در محاسبه اندیکاتورها: 'str' object has no attribute 'close_price'
[2026-09-01 22:06:38.675940] خطا در محاسبه اندیکاتورها: 'str' object has no attribute 'close_price'
[2026-09-01 22:06:38.727841] خطا در محاسبه اندیکاتورها: 'str' object has no attribute 'close_price'
[2026-09-01 22:06:38.917218] خطا در محاسبه اندیکاتورها: 'str' object has no attribute 'close_price'
[2026-09-01 22:06:38.966202] خطا در محاسبه اندیکاتورها: 'str' object has no attribute 'close_price'
[2026-09-01 22:06:39.030293] خطا در محاسبه اندیکاتورها: 'str' object has no attribute 'close_price'
[2026-09-01 22:06:39.079722] خطا در محاسبه اندیکاتورها: 'str' object has no attribute 'close_price'
[2026-09-01 22:06:39.171810] خطا در محاسبه اندیکاتورها: 'str' object has no attribute 'close_price'
[2026-09-01 22:06:39.219946] خطا در محاسبه اندیکاتورها: 'str' object has no attribute 'close_price'
[2026-09-01 22:06:39.269189] خطا در محاسبه اندیکاتورها: 'str' object has no attribute 'close_price'
[2026-09-01 22:06:39.319590] خطا در محاسبه اندیکاتورها: 'str' object has no attribute 'close_price'
[2026-09-01 22:06:39.491257] خطا در محاسبه اندیکاتورها: 'str' object has no attribute 'close_price'
[2026-09-01 22:06:39.671476] خطا در محاسبه اندیکاتورها: 'str' object has no attribute 'close_price'
[2026-09-01 22:06:39.724177] خطا در محاسبه اندیکاتورها: 'str' object has no attribute 'close_price'
[2026-09-01 22:06:39.773992] خطا در محاسبه اندیکاتورها: 'str' object has no attribute 'close_price'
[2026-09-01 22:06:39.822552] خطا در محاسبه اندیکاتورها: 'str' object has no attribute 'close_price'
[2026-09-01 22:06:39.875516] خطا در محاسبه اندیکاتورها: 'str' object has no attribute 'close_price'
[2026-09-01 22:06:39.951009] خطا در محاسبه اندیکاتورها: 'str' object has no attribute 'close_price'
[2026-09-01 22:06:40.007394] خطا در محاسبه اندیکاتورها: 'str' object has no attribute 'close_price'
[2026-09-01 22:06:40.075331] خطا در محاسبه اندیکاتورها: 'str' object has no attribute 'close_price'
[2026-09-01 22:06:40.167792] خطا در محاسبه اندیکاتورها: 'str' object has no attribute 'close_price'
[2026-09-01 22:06:40.219845] خطا در محاسبه اندیکاتورها: 'str' object has no attribute 'close_price'
[2026-09-01 22:06:40.284239] خطا در محاسبه اندیکاتورها: 'str' object has no attribute 'close_price'
[2026-09-01 22:06:40.456218] خطا در محاسبه اندیکاتورها: 'str' object has no attribute 'close_price'
[2026-09-01 22:06:40.535112] خطا در محاسبه اندیکاتورها: 'str' object has no attribute 'close_price'
[2026-09-01 22:06:40.588895] خطا در محاسبه اندیکاتورها: 'str' object has no attribute 'close_price'
[2026-09-01 22:06:40.640374] خطا در محاسبه اندیکاتورها: 'str' object has no attribute 'close_price'
[2026-09-01 22:06:40.782489] خطا در محاسبه اندیکاتورها: 'str' object has no attribute 'close_price'
[2026-09-01 22:06:40.839578] خطا در محاسبه اندیکاتورها: 'str' object has no attribute 'close_price'
[2026-09-01 22:06:40.890569] خطا در محاسبه اندیکاتورها: 'str' object has no attribute 'close_price'
[2026-09-01 22:06:41.037079] خطا در محاسبه اندیکاتورها: 'str' object has no attribute 'close_price'
[2026-09-01 22:06:41.091536] خطا در محاسبه اندیکاتورها: 'str' object has no attribute 'close_price'
[2026-09-01 22:06:41.145868] خطا در محاسبه اندیکاتورها: 'str' object has no attribute 'close_price'
[2026-09-01 22:06:41.198970] خطا در محاسبه اندیکاتورها: 'str' object has no attribute 'close_price'
[2026-09-01 22:06:41.250550] خطا در محاسبه اندیکاتورها: 'str' object has no attribute 'close_price'
[2026-09-01 22:06:41.303290] خطا در محاسبه اندیکاتورها: 'str' object has no attribute 'close_price'
[2026-09-01 22:06:41.618373] خطا در محاسبه اندیکاتورها: 'str' object has no attribute 'close_price'
[2026-09-01 22:06:41.672902] خطا در محاسبه اندیکاتورها: 'str' object has no attribute 'close_price'
[2026-09-01 22:06:41.721897] خطا در محاسبه اندیکاتورها: 'str' object has no attribute 'close_price'
[2026-09-01 22:06:41.772608] خطا در محاسبه اندیکاتورها: 'str' object has no attribute 'close_price'
[2026-09-01 22:06:41.824062] خطا در محاسبه اندیکاتورها: 'str' object has no attribute 'close_price'
[2026-09-01 22:06:41.899227] خطا در محاسبه اندیکاتورها: 'str' object has no attribute 'close_price'
[2026-09-01 22:06:41.948929] خطا در محاسبه اندیکاتورها: 'str' object has no attribute 'close_price'
[2026-09-01 22:06:42.080537] خطا در محاسبه اندیکاتورها: 'str' object has no attribute 'close_price'
[2026-09-01 22:06:42.132447] خطا در محاسبه اندیکاتورها: 'str' object has no attribute 'close_price'
[2026-09-01 22:06:42.357326] خطا در محاسبه اندیکاتورها: 'str' object has no attribute 'close_price'
[2026-09-01 22:06:42.412172] خطا در محاسبه اندیکاتورها: 'str' object has no attribute 'close_price'
[2026-09-01 22:06:42.461537] خطا در محاسبه اندیکاتورها: 'str' object has no attribute 'close_price'
[2026-09-01 22:06:42.509542] خطا در محاسبه اندیکاتورها: 'str' object has no attribute 'close_price'
[2026-09-01 22:06:42.601756] خطا در محاسبه اندیکاتورها: 'str' object has no attribute 'close_price'
[2026-09-01 22:06:42.714693] خطا در محاسبه اندیکاتورها: 'str' object has no attribute 'close_price'
[2026-09-01 22:06:42.765419] خطا در محاسبه اندیکاتورها: 'str' object has no attribute 'close_price'
[2026-09-01 22:06:42.860049] خطا در محاسبه اندیکاتورها: 'str' object has no attribute 'close_price'
[2026-09-01 22:06:42.951664] خطا در محاسبه اندیکاتورها: 'str' object has no attribute 'close_price'
[2026-09-01 22:06:43.087344] خطا در محاسبه اندیکاتورها: 'str' object has no attribute 'close_price'
[2026-09-01 22:06:43.149058] خطا در محاسبه اندیکاتورها: 'str' object has no attribute 'close_price'
[2026-09-01 22:06:43.201810] خطا در محاسبه اندیکاتورها: 'str' object has no attribute 'close_price'
[2026-09-01 22:06:43.255586] خطا در محاسبه اندیکاتورها: 'str' object has no attribute 'close_price'
[2026-09-01 22:06:43.308284] خطا در محاسبه اندیکاتورها: 'str' object has no attribute 'close_price'
[2026-09-01 22:06:43.367791] خطا در محاسبه اندیکاتورها: 'str' object has no attribute 'close_price'
[2026-09-01 22:06:43.422324] خطا در محاسبه اندیکاتورها: 'str' object has no attribute 'close_price'
[2026-09-01 22:06:43.472864] خطا در محاسبه اندیکاتورها: 'str' object has no attribute 'close_price'
[2026-09-01 22:06:43.523973] خطا در محاسبه اندیکاتورها: 'str' object has no attribute 'close_price'
[2026-09-01 22:06:43.571758] خطا در محاسبه اندیکاتورها: 'str' object has no attribute 'close_price'
[2026-09-01 22:06:43.620844] خطا در محاسبه اندیکاتورها: 'str' object has no attribute 'close_price'
[2026-09-01 22:06:43.686814] خطا در محاسبه اندیکاتورها: 'str' object has no attribute 'close_price'
[2026-09-01 22:06:43.940565] خطا در محاسبه اندیکاتورها: 'str' object has no attribute 'close_price'
[2026-09-01 22:06:44.017102] خطا در محاسبه اندیکاتورها: 'str' object has no attribute 'close_price'
[2026-09-01 22:06:44.163582] خطا در محاسبه اندیکاتورها: 'str' object has no attribute 'close_price'
[2026-09-01 22:06:44.215959] خطا در محاسبه اندیکاتورها: 'str' object has no attribute 'close_price'
[2026-09-01 22:06:44.269403] خطا در محاسبه اندیکاتورها: 'str' object has no attribute 'close_price'
[2026-09-01 22:06:44.322055] خطا در محاسبه اندیکاتورها: 'str' object has no attribute 'close_price'
[2026-09-01 22:06:44.373836] خطا در محاسبه اندیکاتورها: 'str' object has no attribute 'close_price'
[2026-09-01 22:06:44.442527] خطا در محاسبه اندیکاتورها: 'str' object has no attribute 'close_price'
[2026-09-01 22:06:44.516344] خطا در محاسبه اندیکاتورها: 'str' object has no attribute 'close_price'
[2026-09-01 22:06:44.569990] خطا در محاسبه اندیکاتورها: 'str' object has no attribute 'close_price'
[2026-09-01 22:06:44.620021] خطا در محاسبه اندیکاتورها: 'str' object has no attribute 'close_price'
[2026-09-01 22:06:44.717133] خطا در محاسبه اندیکاتورها: 'str' object has no attribute 'close_price'
[2026-09-01 22:06:44.772324] خطا در محاسبه اندیکاتورها: 'str' object has no attribute 'close_price'
[2026-09-01 22:06:44.830862] خطا در محاسبه اندیکاتورها: 'str' object has no attribute 'close_price'
[2026-09-01 22:06:44.913846] خطا در محاسبه اندیکاتورها: 'str' object has no attribute 'close_price'
[2026-09-01 22:06:45.001849] خطا در محاسبه اندیکاتورها: 'str' object has no attribute 'close_price'
[2026-09-01 22:06:45.054506] خطا در محاسبه اندیکاتورها: 'str' object has no attribute 'close_price'
[2026-09-01 22:06:45.104186] خطا در محاسبه اندیکاتورها: 'str' object has no attribute 'close_price'
[2026-09-01 22:06:45.155791] خطا در محاسبه اندیکاتورها: 'str' object has no attribute 'close_price'
[2026-09-01 22:06:45.209271] خطا در محاسبه اندیکاتورها: 'str' object has no attribute 'close_price'
[2026-09-01 22:06:45.302676] خطا در محاسبه اندیکاتورها: 'str' object has no attribute 'close_price'
[2026-09-01 22:06:45.411178] خطا در محاسبه اندیکاتورها: 'str' object has no attribute 'close_price'
[2026-09-01 22:06:45.492815] خطا در محاسبه اندیکاتورها: 'str' object has no attribute 'close_price'
[2026-09-01 22:06:45.548041] خطا در محاسبه اندیکاتورها: 'str' object has no attribute 'close_price'
[2026-09-01 22:06:45.597388] خطا در محاسبه اندیکاتورها: 'str' object has no attribute 'close_price'
[2026-09-01 22:06:45.648583] خطا در محاسبه اندیکاتورها: 'str' object has no attribute 'close_price'
[2026-09-01 22:06:45.875124] خطا در محاسبه اندیکاتورها: 'str' object has no attribute 'close_price'
[2026-09-01 22:06:45.928822] خطا در محاسبه اندیکاتورها: 'str' object has no attribute 'close_price'
[2026-09-01 22:06:45.984994] خطا در محاسبه اندیکاتورها: 'str' object has no attribute 'close_price'
[2026-09-01 22:06:46.053150] خطا در محاسبه اندیکاتورها: 'str' object has no attribute 'close_price'
[2026-09-01 22:06:46.124223] خطا در محاسبه اندیکاتورها: 'str' object has no attribute 'close_price'
[2026-09-01 22:06:46.230258] خطا در محاسبه اندیکاتورها: 'str' object has no attribute 'close_price'
[2026-09-01 22:06:46.286075] خطا در محاسبه اندیکاتورها: 'str' object has no attribute 'close_price'
[2026-09-01 22:06:46.345900] خطا در محاسبه اندیکاتورها: 'str' object has no attribute 'close_price'
[2026-09-01 22:06:46.415838] خطا در محاسبه اندیکاتورها: 'str' object has no attribute 'close_price'
[2026-09-01 22:06:46.470755] خطا در محاسبه اندیکاتورها: 'str' object has no attribute 'close_price'
[2026-09-01 22:06:46.530555] خطا در محاسبه اندیکاتورها: 'str' object has no attribute 'close_price'
[2026-09-01 22:06:46.586161] خطا در محاسبه اندیکاتورها: 'str' object has no attribute 'close_price'
[2026-09-01 22:06:46.750639] خطا در محاسبه اندیکاتورها: 'str' object has no attribute 'close_price'
[2026-09-01 22:06:46.799751] خطا در محاسبه اندیکاتورها: 'str' object has no attribute 'close_price'
[2026-09-01 22:06:46.892821] خطا در محاسبه اندیکاتورها: 'str' object has no attribute 'close_price'
[2026-09-01 22:06:46.944105] خطا در محاسبه اندیکاتورها: 'str' object has no attribute 'close_price'
[2026-09-01 22:06:46.993364] خطا در محاسبه اندیکاتورها: 'str' object has no attribute 'close_price'
[2026-09-01 22:06:47.047385] خطا در محاسبه اندیکاتورها: 'str' object has no attribute 'close_price'
[2026-09-01 22:06:47.098071] خطا در محاسبه اندیکاتورها: 'str' object has no attribute 'close_price'
[2026-09-01 22:06:47.160131] خطا در محاسبه اندیکاتورها: 'str' object has no attribute 'close_price'
[2026-09-01 22:06:47.216995] خطا در محاسبه اندیکاتورها: 'str' object has no attribute 'close_price'
[2026-09-01 22:06:47.304754] خطا در محاسبه اندیکاتورها: 'str' object has no attribute 'close_price'
[2026-09-01 22:06:47.354524] خطا در محاسبه اندیکاتورها: 'str' object has no attribute 'close_price'
[2026-09-01 22:06:47.405642] خطا در محاسبه اندیکاتورها: 'str' object has no attribute 'close_price'
[2026-09-01 22:06:47.465944] خطا در محاسبه اندیکاتورها: 'str' object has no attribute 'close_price'
[2026-09-01 22:06:47.515647] خطا در محاسبه اندیکاتورها: 'str' object has no attribute 'close_price'
[2026-09-01 22:06:47.566066] خطا در محاسبه اندیکاتورها: 'str' object has no attribute 'close_price'
[2026-09-01 22:06:47.616622] خطا در محاسبه اندیکاتورها: 'str' object has no attribute 'close_price'
[2026-09-01 22:06:47.663892] خطا در محاسبه اندیکاتورها: 'str' object has no attribute 'close_price'
[2026-09-01 22:06:47.717661] خطا در محاسبه اندیکاتورها: 'str' object has no attribute 'close_price'
[2026-09-01 22:06:47.780918] خطا در محاسبه اندیکاتورها: 'str' object has no attribute 'close_price'
[2026-09-01 22:06:47.857310] خطا در محاسبه اندیکاتورها: 'str' object has no attribute 'close_price'
[2026-09-01 22:06:47.914169] خطا در محاسبه اندیکاتورها: 'str' object has no attribute 'close_price'
[2026-09-01 22:06:47.967461] خطا در محاسبه اندیکاتورها: 'str' object has no attribute 'close_price'
[2026-09-01 22:06:48.212104] خطا در محاسبه اندیکاتورها: 'str' object has no attribute 'close_price'
[2026-09-01 22:06:48.559329] خطا در محاسبه اندیکاتورها: 'str' object has no attribute 'close_price'
[2026-09-01 22:06:48.617482] خطا در محاسبه اندیکاتورها: 'str' object has no attribute 'close_price'
[2026-09-01 22:06:48.674482] خطا در محاسبه اندیکاتورها: 'str' object has no attribute 'close_price'
[2026-09-01 22:06:48.789289] خطا در محاسبه اندیکاتورها: 'str' object has no attribute 'close_price'
[2026-09-01 22:06:48.960807] خطا در محاسبه اندیکاتورها: 'str' object has no attribute 'close_price'
[2026-09-01 22:06:49.014092] خطا در محاسبه اندیکاتورها: 'str' object has no attribute 'close_price'
[2026-09-01 22:06:49.065543] خطا در محاسبه اندیکاتورها: 'str' object has no attribute 'close_price'
[2026-09-01 22:06:49.167801] خطا در محاسبه اندیکاتورها: 'str' object has no attribute 'close_price'
[2026-09-01 22:06:49.269912] خطا در محاسبه اندیکاتورها: 'str' object has no attribute 'close_price'
[2026-09-01 22:06:49.325216] خطا در محاسبه اندیکاتورها: 'str' object has no attribute 'close_price'
[2026-09-01 22:06:49.382656] خطا در محاسبه اندیکاتورها: 'str' object has no attribute 'close_price'
[2026-09-01 22:06:49.447701] خطا در محاسبه اندیکاتورها: 'str' object has no attribute 'close_price'
[2026-09-01 22:06:49.995815] خطا در محاسبه اندیکاتورها: 'str' object has no attribute 'close_price'
[2026-09-01 22:06:50.045802] خطا در محاسبه اندیکاتورها: 'str' object has no attribute 'close_price'
[2026-09-01 22:06:50.096074] خطا در محاسبه اندیکاتورها: 'str' object has no attribute 'close_price'
[2026-09-01 22:06:50.144943] خطا در محاسبه اندیکاتورها: 'str' object has no attribute 'close_price'
[2026-09-01 22:06:50.193320] خطا در محاسبه اندیکاتورها: 'str' object has no attribute 'close_price'
[2026-09-01 22:06:50.287932] خطا در محاسبه اندیکاتورها: 'str' object has no attribute 'close_price'
[2026-09-01 22:06:50.339151] خطا در محاسبه اندیکاتورها: 'str' object has no attribute 'close_price'
[2026-09-01 22:06:50.568679] خطا در محاسبه اندیکاتورها: 'str' object has no attribute 'close_price'
[2026-09-01 22:06:50.642989] خطا در محاسبه اندیکاتورها: 'str' object has no attribute 'close_price'
[2026-09-01 22:06:50.740710] خطا در محاسبه اندیکاتورها: 'str' object has no attribute 'close_price'
[2026-09-01 22:06:50.790127] خطا در محاسبه اندیکاتورها: 'str' object has no attribute 'close_price'
[2026-09-01 22:06:50.861656] خطا در محاسبه اندیکاتورها: 'str' object has no attribute 'close_price'
[2026-09-01 22:06:50.920732] خطا در محاسبه اندیکاتورها: 'str' object has no attribute 'close_price'
[2026-09-01 22:06:50.976572] خطا در محاسبه اندیکاتورها: 'str' object has no attribute 'close_price'
[2026-09-01 22:06:51.027675] خطا در محاسبه اندیکاتورها: 'str' object has no attribute 'close_price'
[2026-09-01 22:06:51.077547] خطا در محاسبه اندیکاتورها: 'str' object has no attribute 'close_price'
[2026-09-01 22:06:51.305218] خطا در محاسبه اندیکاتورها: 'str' object has no attribute 'close_price'
[2026-09-01 22:06:51.384097] خطا در محاسبه اندیکاتورها: 'str' object has no attribute 'close_price'
[2026-09-01 22:06:51.433896] خطا در محاسبه اندیکاتورها: 'str' object has no attribute 'close_price'
[2026-09-01 22:06:51.579870] خطا در محاسبه اندیکاتورها: 'str' object has no attribute 'close_price'
[2026-09-01 22:06:51.629954] خطا در محاسبه اندیکاتورها: 'str' object has no attribute 'close_price'
[2026-09-01 22:06:51.688301] خطا در محاسبه اندیکاتورها: 'str' object has no attribute 'close_price'
[2026-09-01 22:06:51.831486] خطا در محاسبه اندیکاتورها: 'str' object has no attribute 'close_price'
[2026-09-01 22:06:51.888396] خطا در محاسبه اندیکاتورها: 'str' object has no attribute 'close_price'
[2026-09-01 22:06:52.002539] خطا در محاسبه اندیکاتورها: 'str' object has no attribute 'close_price'
[2026-09-01 22:06:52.139953] خطا در محاسبه اندیکاتورها: 'str' object has no attribute 'close_price'
[2026-09-01 22:06:52.200482] خطا در محاسبه اندیکاتورها: 'str' object has no attribute 'close_price'
[2026-09-01 22:06:52.250280] خطا در محاسبه اندیکاتورها: 'str' object has no attribute 'close_price'
[2026-09-01 22:06:52.357707] خطا در محاسبه اندیکاتورها: 'str' object has no attribute 'close_price'
[2026-09-01 22:06:52.535739] خطا در محاسبه اندیکاتورها: 'str' object has no attribute 'close_price'
[2026-09-01 22:06:52.587927] خطا در محاسبه اندیکاتورها: 'str' object has no attribute 'close_price'
[2026-09-01 22:06:52.638898] خطا در محاسبه اندیکاتورها: 'str' object has no attribute 'close_price'
[2026-09-01 22:06:52.695318] خطا در محاسبه اندیکاتورها: 'str' object has no attribute 'close_price'
[2026-09-01 22:06:52.744930] خطا در محاسبه اندیکاتورها: 'str' object has no attribute 'close_price'
[2026-09-01 22:06:52.822877] خطا در محاسبه اندیکاتورها: 'str' object has no attribute 'close_price'
[2026-09-01 22:06:52.904643] خطا در محاسبه اندیکاتورها: 'str' object has no attribute 'close_price'
[2026-09-01 22:06:52.957706] خطا در محاسبه اندیکاتورها: 'str' object has no attribute 'close_price'
[2026-09-01 22:06:53.008191] خطا در محاسبه اندیکاتورها: 'str' object has no attribute 'close_price'
[2026-09-01 22:06:53.102055] خطا در محاسبه اندیکاتورها: 'str' object has no attribute 'close_price'
[2026-09-01 22:06:53.160707] خطا در محاسبه اندیکاتورها: 'str' object has no attribute 'close_price'
[2026-09-01 22:06:53.226725] خطا در محاسبه اندیکاتورها: 'str' object has no attribute 'close_price'
[2026-09-01 22:06:53.280723] خطا در محاسبه اندیکاتورها: 'str' object has no attribute 'close_price'
[2026-09-01 22:06:53.335720] خطا در محاسبه اندیکاتورها: 'str' object has no attribute 'close_price'
[2026-09-01 22:06:53.387589] خطا در محاسبه اندیکاتورها: 'str' object has no attribute 'close_price'
[2026-09-01 22:06:53.445853] خطا در محاسبه اندیکاتورها: 'str' object has no attribute 'close_price'
[2026-09-01 22:06:53.500330] خطا در محاسبه اندیکاتورها: 'str' object has no attribute 'close_price'
[2026-09-01 22:06:53.623786] خطا در محاسبه اندیکاتورها: 'str' object has no attribute 'close_price'
[2026-09-01 22:06:53.682262] خطا در محاسبه اندیکاتورها: 'str' object has no attribute 'close_price'
[2026-09-01 22:06:53.741925] خطا در محاسبه اندیکاتورها: 'str' object has no attribute 'close_price'
[2026-09-01 22:06:53.806906] خطا در محاسبه اندیکاتورها: 'str' object has no attribute 'close_price'
[2026-09-01 22:06:53.855189] خطا در محاسبه اندیکاتورها: 'str' object has no attribute 'close_price'
[2026-09-01 22:06:53.905410] خطا در محاسبه اندیکاتورها: 'str' object has no attribute 'close_price'
[2026-09-01 22:06:53.956950] خطا در محاسبه اندیکاتورها: 'str' object has no attribute 'close_price'
[2026-09-01 22:06:54.022279] خطا در محاسبه اندیکاتورها: 'str' object has no attribute 'close_price'
[2026-09-01 22:06:54.074904] خطا در محاسبه اندیکاتورها: 'str' object has no attribute 'close_price'
[2026-09-01 22:06:54.128690] خطا در محاسبه اندیکاتورها: 'str' object has no attribute 'close_price'
[2026-09-01 22:06:54.181628] خطا در محاسبه اندیکاتورها: 'str' object has no attribute 'close_price'
[2026-09-01 22:06:54.306166] خطا در محاسبه اندیکاتورها: 'str' object has no attribute 'close_price'
[2026-09-01 22:06:54.360239] خطا در محاسبه اندیکاتورها: 'str' object has no attribute 'close_price'
[2026-09-01 22:06:54.438418] خطا در محاسبه اندیکاتورها: 'str' object has no attribute 'close_price'
[2026-09-01 22:06:54.496690] خطا در محاسبه اندیکاتورها: 'str' object has no attribute 'close_price'
[2026-09-01 22:06:54.550283] خطا در محاسبه اندیکاتورها: 'str' object has no attribute 'close_price'
[2026-09-01 22:06:54.609412] خطا در محاسبه اندیکاتورها: 'str' object has no attribute 'close_price'
[2026-09-01 22:06:54.873257] خطا در محاسبه اندیکاتورها: 'str' object has no attribute 'close_price'
[2026-09-01 22:06:54.924449] خطا در محاسبه اندیکاتورها: 'str' object has no attribute 'close_price'
[2026-09-01 22:06:55.105561] خطا در محاسبه اندیکاتورها: 'str' object has no attribute 'close_price'
[2026-09-01 22:06:55.339925] خطا در محاسبه اندیکاتورها: 'str' object has no attribute 'close_price'
[2026-09-01 22:06:55.392158] خطا در محاسبه اندیکاتورها: 'str' object has no attribute 'close_price'
[2026-09-01 22:06:55.444889] خطا در محاسبه اندیکاتورها: 'str' object has no attribute 'close_price'
[2026-09-01 22:06:55.496166] خطا در محاسبه اندیکاتورها: 'str' object has no attribute 'close_price'
[2026-09-01 22:06:55.550915] خطا در محاسبه اندیکاتورها: 'str' object has no attribute 'close_price'
[2026-09-01 22:06:55.617620] خطا در محاسبه اندیکاتورها: 'str' object has no attribute 'close_price'
[2026-09-01 22:06:55.676106] خطا در محاسبه اندیکاتورها: 'str' object has no attribute 'close_price'
[2026-09-01 22:06:55.816214] خطا در محاسبه اندیکاتورها: 'str' object has no attribute 'close_price'
[2026-09-01 22:06:55.928845] خطا در محاسبه اندیکاتورها: 'str' object has no attribute 'close_price'
[2026-09-01 22:06:56.038798] خطا در محاسبه اندیکاتورها: 'str' object has no attribute 'close_price'
[2026-09-01 22:06:56.126864] خطا در محاسبه اندیکاتورها: 'str' object has no attribute 'close_price'
[2026-09-01 22:06:56.187811] خطا در محاسبه اندیکاتورها: 'str' object has no attribute 'close_price'
[2026-09-01 22:06:56.238469] خطا در محاسبه اندیکاتورها: 'str' object has no attribute 'close_price'
[2026-09-01 22:06:56.309643] خطا در محاسبه اندیکاتورها: 'str' object has no attribute 'close_price'
[2026-09-01 22:06:56.383898] خطا در محاسبه اندیکاتورها: 'str' object has no attribute 'close_price'
[2026-09-01 22:06:56.458802] خطا در محاسبه اندیکاتورها: 'str' object has no attribute 'close_price'
[2026-09-01 22:06:56.510754] خطا در محاسبه اندیکاتورها: 'str' object has no attribute 'close_price'
[2026-09-01 22:06:56.564147] خطا در محاسبه اندیکاتورها: 'str' object has no attribute 'close_price'
[2026-09-01 22:06:56.614331] خطا در محاسبه اندیکاتورها: 'str' object has no attribute 'close_price'
[2026-09-01 22:06:56.929725] خطا در محاسبه اندیکاتورها: 'str' object has no attribute 'close_price'
[2026-09-01 22:06:56.982484] خطا در محاسبه اندیکاتورها: 'str' object has no attribute 'close_price'
[2026-09-01 22:06:57.035772] خطا در محاسبه اندیکاتورها: 'str' object has no attribute 'close_price'
[2026-09-01 22:06:57.087191] خطا در محاسبه اندیکاتورها: 'str' object has no attribute 'close_price'
[2026-09-01 22:06:57.196618] خطا در محاسبه اندیکاتورها: 'str' object has no attribute 'close_price'
[2026-09-01 22:06:57.393852] خطا در محاسبه اندیکاتورها: 'str' object has no attribute 'close_price'
[2026-09-01 22:06:57.491402] خطا در محاسبه اندیکاتورها: 'str' object has no attribute 'close_price'
[2026-09-01 22:06:57.540963] خطا در محاسبه اندیکاتورها: 'str' object has no attribute 'close_price'
[2026-09-01 22:06:57.590377] خطا در محاسبه اندیکاتورها: 'str' object has no attribute 'close_price'
[2026-09-01 22:06:57.728304] خطا در محاسبه اندیکاتورها: 'str' object has no attribute 'close_price'
[2026-09-01 22:06:57.789687] خطا در محاسبه اندیکاتورها: 'str' object has no attribute 'close_price'
[2026-09-01 22:06:57.862733] خطا در محاسبه اندیکاتورها: 'str' object has no attribute 'close_price'
[2026-09-01 22:06:57.915280] خطا در محاسبه اندیکاتورها: 'str' object has no attribute 'close_price'
[2026-09-01 22:06:58.052485] خطا در محاسبه اندیکاتورها: 'str' object has no attribute 'close_price'
[2026-09-01 22:06:58.132988] خطا در محاسبه اندیکاتورها: 'str' object has no attribute 'close_price'
[2026-09-01 22:06:58.185898] خطا در محاسبه اندیکاتورها: 'str' object has no attribute 'close_price'
[2026-09-01 22:06:58.405569] خطا در محاسبه اندیکاتورها: 'str' object has no attribute 'close_price'
[2026-09-01 22:06:58.542234] خطا در محاسبه اندیکاتورها: 'str' object has no attribute 'close_price'
[2026-09-01 22:06:58.590303] خطا در محاسبه اندیکاتورها: 'str' object has no attribute 'close_price'
[2026-09-01 22:06:58.639334] خطا در محاسبه اندیکاتورها: 'str' object has no attribute 'close_price'
[2026-09-01 22:06:58.736500] خطا در محاسبه اندیکاتورها: 'str' object has no attribute 'close_price'
[2026-09-01 22:06:58.830667] خطا در محاسبه اندیکاتورها: 'str' object has no attribute 'close_price'
[2026-09-01 22:06:58.891920] خطا در محاسبه اندیکاتورها: 'str' object has no attribute 'close_price'
[2026-09-01 22:06:58.959722] خطا در محاسبه اندیکاتورها: 'str' object has no attribute 'close_price'
[2026-09-01 22:06:59.024669] خطا در محاسبه اندیکاتورها: 'str' object has no attribute 'close_price'
[2026-09-01 22:06:59.075834] خطا در محاسبه اندیکاتورها: 'str' object has no attribute 'close_price'
[2026-09-01 22:06:59.136042] خطا در محاسبه اندیکاتورها: 'str' object has no attribute 'close_price'
[2026-09-01 22:06:59.271823] خطا در محاسبه اندیکاتورها: 'str' object has no attribute 'close_price'
[2026-09-01 22:06:59.328425] خطا در محاسبه اندیکاتورها: 'str' object has no attribute 'close_price'
[2026-09-01 22:06:59.380670] خطا در محاسبه اندیکاتورها: 'str' object has no attribute 'close_price'
[2026-09-01 22:06:59.429581] خطا در محاسبه اندیکاتورها: 'str' object has no attribute 'close_price'
[2026-09-01 22:06:59.480662] خطا در محاسبه اندیکاتورها: 'str' object has no attribute 'close_price'
[2026-09-01 22:06:59.529646] خطا در محاسبه اندیکاتورها: 'str' object has no attribute 'close_price'
[2026-09-01 22:06:59.667198] خطا در محاسبه اندیکاتورها: 'str' object has no attribute 'close_price'
[2026-09-01 22:06:59.715962] خطا در محاسبه اندیکاتورها: 'str' object has no attribute 'close_price'
[2026-09-01 22:06:59.893225] خطا در محاسبه اندیکاتورها: 'str' object has no attribute 'close_price'
[2026-09-01 22:06:59.944469] خطا در محاسبه اندیکاتورها: 'str' object has no attribute 'close_price'
[2026-09-01 22:07:00.007569] خطا در محاسبه اندیکاتورها: 'str' object has no attribute 'close_price'
[2026-09-01 22:07:00.063097] خطا در محاسبه اندیکاتورها: 'str' object has no attribute 'close_price'
[2026-09-01 22:07:00.115795] خطا در محاسبه اندیکاتورها: 'str' object has no attribute 'close_price'
[2026-09-01 22:07:00.167200] خطا در محاسبه اندیکاتورها: 'str' object has no attribute 'close_price'
[2026-09-01 22:07:00.255596] خطا در محاسبه اندیکاتورها: 'str' object has no attribute 'close_price'
[2026-09-01 22:07:00.308352] خطا در محاسبه اندیکاتورها: 'str' object has no attribute 'close_price'
[2026-09-01 22:07:00.362119] خطا در محاسبه اندیکاتورها: 'str' object has no attribute 'close_price'
[2026-09-01 22:07:00.412241] خطا در محاسبه اندیکاتورها: 'str' object has no attribute 'close_price'
[2026-09-01 22:07:00.461215] خطا در محاسبه اندیکاتورها: 'str' object has no attribute 'close_price'
[2026-09-01 22:07:00.683868] خطا در محاسبه اندیکاتورها: 'str' object has no attribute 'close_price'
[2026-09-01 22:07:00.734314] خطا در محاسبه اندیکاتورها: 'str' object has no attribute 'close_price'
[2026-09-01 22:07:00.875414] خطا در محاسبه اندیکاتورها: 'str' object has no attribute 'close_price'
[2026-09-01 22:07:01.024913] خطا در محاسبه اندیکاتورها: 'str' object has no attribute 'close_price'
[2026-09-01 22:07:01.079006] خطا در محاسبه اندیکاتورها: 'str' object has no attribute 'close_price'
[2026-09-01 22:07:01.131338] خطا در محاسبه اندیکاتورها: 'str' object has no attribute 'close_price'
[2026-09-01 22:07:01.182345] خطا در محاسبه اندیکاتورها: 'str' object has no attribute 'close_price'
[2026-09-01 22:07:01.232649] خطا در محاسبه اندیکاتورها: 'str' object has no attribute 'close_price'
[2026-09-01 22:07:01.285193] خطا در محاسبه اندیکاتورها: 'str' object has no attribute 'close_price'
[2026-09-01 22:07:01.419997] خطا در محاسبه اندیکاتورها: 'str' object has no attribute 'close_price'
[2026-09-01 22:07:01.560982] خطا در محاسبه اندیکاتورها: 'str' object has no attribute 'close_price'
[2026-09-01 22:07:01.613954] خطا در محاسبه اندیکاتورها: 'str' object has no attribute 'close_price'
[2026-09-01 22:07:01.664133] خطا در محاسبه اندیکاتورها: 'str' object has no attribute 'close_price'
[2026-09-01 22:07:01.710182] خطا در محاسبه اندیکاتورها: 'str' object has no attribute 'close_price'
[2026-09-01 22:07:01.757407] خطا در محاسبه اندیکاتورها: 'str' object has no attribute 'close_price'
[2026-09-01 22:07:01.805436] خطا در محاسبه اندیکاتورها: 'str' object has no attribute 'close_price'
[2026-09-01 22:07:01.882532] خطا در محاسبه اندیکاتورها: 'str' object has no attribute 'close_price'
[2026-09-01 22:07:02.005658] خطا در محاسبه اندیکاتورها: 'str' object has no attribute 'close_price'
[2026-09-01 22:07:02.048917] خطا در محاسبه اندیکاتورها: 'str' object has no attribute 'close_price'
[2026-09-01 22:07:02.093894] خطا در محاسبه اندیکاتورها: 'str' object has no attribute 'close_price'
[2026-09-01 22:07:02.139457] خطا در محاسبه اندیکاتورها: 'str' object has no attribute 'close_price'
[2026-09-01 22:07:02.187627] خطا در محاسبه اندیکاتورها: 'str' object has no attribute 'close_price'
[2026-09-01 22:07:02.259934] خطا در محاسبه اندیکاتورها: 'str' object has no attribute 'close_price'
[2026-09-01 22:07:02.306422] خطا در محاسبه اندیکاتورها: 'str' object has no attribute 'close_price'
[2026-09-01 22:07:02.350326] خطا در محاسبه اندیکاتورها: 'str' object has no attribute 'close_price'
[2026-09-01 22:07:02.393753] خطا در محاسبه اندیکاتورها: 'str' object has no attribute 'close_price'
[2026-09-01 22:07:02.458851] خطا در محاسبه اندیکاتورها: 'str' object has no attribute 'close_price'
[2026-09-01 22:07:02.502822] خطا در محاسبه اندیکاتورها: 'str' object has no attribute 'close_price'
[2026-09-01 22:07:02.546264] خطا در محاسبه اندیکاتورها: 'str' object has no attribute 'close_price'
[2026-09-01 22:07:02.593471] خطا در محاسبه اندیکاتورها: 'str' object has no attribute 'close_price'
[2026-09-01 22:07:02.636939] خطا در محاسبه اندیکاتورها: 'str' object has no attribute 'close_price'
[2026-09-01 22:07:02.679445] خطا در محاسبه اندیکاتورها: 'str' object has no attribute 'close_price'
[2026-09-01 22:07:02.722231] خطا در محاسبه اندیکاتورها: 'str' object has no attribute 'close_price'
[2026-09-01 22:07:02.769889] خطا در محاسبه اندیکاتورها: 'str' object has no attribute 'close_price'
[2026-09-01 22:07:02.817700] خطا در محاسبه اندیکاتورها: 'str' object has no attribute 'close_price'
[2026-09-01 22:07:02.863970] خطا در محاسبه اندیکاتورها: 'str' object has no attribute 'close_price'
[2026-09-01 22:07:02.911540] خطا در محاسبه اندیکاتورها: 'str' object has no attribute 'close_price'
[2026-09-01 22:07:02.970184] خطا در محاسبه اندیکاتورها: 'str' object has no attribute 'close_price'
[2026-09-01 22:07:03.017395] خطا در محاسبه اندیکاتورها: 'str' object has no attribute 'close_price'
[2026-09-01 22:07:03.063200] خطا در محاسبه اندیکاتورها: 'str' object has no attribute 'close_price'
[2026-09-01 22:07:03.109682] خطا در محاسبه اندیکاتورها: 'str' object has no attribute 'close_price'
[2026-09-01 22:07:03.171727] خطا در محاسبه اندیکاتورها: 'str' object has no attribute 'close_price'
[2026-09-01 22:07:03.260251] خطا در محاسبه اندیکاتورها: 'str' object has no attribute 'close_price'
[2026-09-01 22:07:03.320419] خطا در محاسبه اندیکاتورها: 'str' object has no attribute 'close_price'
[2026-09-01 22:07:03.472599] خطا در محاسبه اندیکاتورها: 'str' object has no attribute 'close_price'
[2026-09-01 22:07:03.517813] خطا در محاسبه اندیکاتورها: 'str' object has no attribute 'close_price'
[2026-09-01 22:07:03.561519] خطا در محاسبه اندیکاتورها: 'str' object has no attribute 'close_price'
[2026-09-01 22:07:03.642954] خطا در محاسبه اندیکاتورها: 'str' object has no attribute 'close_price'
[2026-09-01 22:07:09.303646] خطا در محاسبه اندیکاتورها: 'str' object has no attribute 'close_price'
[2026-09-01 22:07:11.974829] خطا در محاسبه اندیکاتورها: 'str' object has no attribute 'close_price'
[2026-09-01 22:07:12.061876] خطا در محاسبه اندیکاتورها: 'str' object has no attribute 'close_price'
[2026-09-01 22:07:12.148530] خطا در محاسبه اندیکاتورها: 'str' object has no attribute 'close_price'
[2026-09-01 22:07:12.391410] خطا در محاسبه اندیکاتورها: 'str' object has no attribute 'close_price'
[2026-09-01 22:07:12.446701] خطا در محاسبه اندیکاتورها: 'str' object has no attribute 'close_price'
[2026-09-01 22:07:12.633871] خطا در محاسبه اندیکاتورها: 'str' object has no attribute 'close_price'
[2026-09-01 22:07:12.678092] خطا در محاسبه اندیکاتورها: 'str' object has no attribute 'close_price'
[2026-09-01 22:07:12.721900] خطا در محاسبه اندیکاتورها: 'str' object has no attribute 'close_price'
[2026-09-01 22:07:12.767342] خطا در محاسبه اندیکاتورها: 'str' object has no attribute 'close_price'
[2026-09-01 22:07:12.810278] خطا در محاسبه اندیکاتورها: 'str' object has no attribute 'close_price'
[2026-09-01 22:07:12.928764] خطا در محاسبه اندیکاتورها: 'str' object has no attribute 'close_price'
[2026-09-01 22:07:12.973296] خطا در محاسبه اندیکاتورها: 'str' object has no attribute 'close_price'
[2026-09-01 22:07:13.055751] خطا در محاسبه اندیکاتورها: 'str' object has no attribute 'close_price'
[2026-09-01 22:07:13.173482] خطا در محاسبه اندیکاتورها: 'str' object has no attribute 'close_price'
[2026-09-01 22:07:13.223302] خطا در محاسبه اندیکاتورها: 'str' object has no attribute 'close_price'
[2026-09-01 22:07:13.354216] خطا در محاسبه اندیکاتورها: 'str' object has no attribute 'close_price'
[2026-09-01 22:07:13.405796] خطا در محاسبه اندیکاتورها: 'str' object has no attribute 'close_price'
[2026-09-01 22:07:13.474499] خطا در محاسبه اندیکاتورها: 'str' object has no attribute 'close_price'
[2026-09-01 22:07:13.622601] خطا در محاسبه اندیکاتورها: 'str' object has no attribute 'close_price'
[2026-09-01 22:07:13.762427] خطا در محاسبه اندیکاتورها: 'str' object has no attribute 'close_price'
[2026-09-01 22:07:13.959586] خطا در محاسبه اندیکاتورها: 'str' object has no attribute 'close_price'
[2026-09-01 22:07:14.009670] خطا در محاسبه اندیکاتورها: 'str' object has no attribute 'close_price'
[2026-09-01 22:07:14.070486] خطا در محاسبه اندیکاتورها: 'str' object has no attribute 'close_price'
[2026-09-01 22:07:14.115658] خطا در محاسبه اندیکاتورها: 'str' object has no attribute 'close_price'
[2026-09-01 22:07:14.162075] خطا در محاسبه اندیکاتورها: 'str' object has no attribute 'close_price'
[2026-09-01 22:07:14.206557] خطا در محاسبه اندیکاتورها: 'str' object has no attribute 'close_price'
[2026-09-01 22:07:14.249829] خطا در محاسبه اندیکاتورها: 'str' object has no attribute 'close_price'
[2026-09-01 22:07:14.303364] خطا در محاسبه اندیکاتورها: 'str' object has no attribute 'close_price'
[2026-09-01 22:07:14.373028] خطا در محاسبه اندیکاتورها: 'str' object has no attribute 'close_price'
[2026-09-01 22:07:14.453387] خطا در محاسبه اندیکاتورها: 'str' object has no attribute 'close_price'
[2026-09-01 22:07:14.496965] خطا در محاسبه اندیکاتورها: 'str' object has no attribute 'close_price'
[2026-09-01 22:07:14.540213] خطا در محاسبه اندیکاتورها: 'str' object has no attribute 'close_price'
[2026-09-01 22:07:14.581696] خطا در محاسبه اندیکاتورها: 'str' object has no attribute 'close_price'
[2026-09-01 22:07:14.627786] خطا در محاسبه اندیکاتورها: 'str' object has no attribute 'close_price'
[2026-09-01 22:07:14.678613] خطا در محاسبه اندیکاتورها: 'str' object has no attribute 'close_price'
[2026-09-01 22:07:14.724377] خطا در محاسبه اندیکاتورها: 'str' object has no attribute 'close_price'
[2026-09-01 22:07:14.802828] خطا در محاسبه اندیکاتورها: 'str' object has no attribute 'close_price'
[2026-09-01 22:07:14.848422] خطا در محاسبه اندیکاتورها: 'str' object has no attribute 'close_price'
[2026-09-01 22:07:14.892564] خطا در محاسبه اندیکاتورها: 'str' object has no attribute 'close_price'
[2026-09-01 22:07:14.939020] خطا در محاسبه اندیکاتورها: 'str' object has no attribute 'close_price'
[2026-09-01 22:07:14.983279] خطا در محاسبه اندیکاتورها: 'str' object has no attribute 'close_price'
[2026-09-01 22:07:15.030652] خطا در محاسبه اندیکاتورها: 'str' object has no attribute 'close_price'
[2026-09-01 22:07:15.073974] خطا در محاسبه اندیکاتورها: 'str' object has no attribute 'close_price'
[2026-09-01 22:07:15.132183] خطا در محاسبه اندیکاتورها: 'str' object has no attribute 'close_price'
[2026-09-01 22:07:15.199425] خطا در محاسبه اندیکاتورها: 'str' object has no attribute 'close_price'
[2026-09-01 22:07:15.243257] خطا در محاسبه اندیکاتورها: 'str' object has no attribute 'close_price'
[2026-09-01 22:07:15.289317] خطا در محاسبه اندیکاتورها: 'str' object has no attribute 'close_price'
[2026-09-01 22:07:15.333970] خطا در محاسبه اندیکاتورها: 'str' object has no attribute 'close_price'
[2026-09-01 22:07:15.377500] خطا در محاسبه اندیکاتورها: 'str' object has no attribute 'close_price'
[2026-09-01 22:07:15.421210] خطا در محاسبه اندیکاتورها: 'str' object has no attribute 'close_price'
[2026-09-01 22:07:15.465443] خطا در محاسبه اندیکاتورها: 'str' object has no attribute 'close_price'
[2026-09-01 22:07:15.535464] خطا در محاسبه اندیکاتورها: 'str' object has no attribute 'close_price'
[2026-09-01 22:07:15.617095] خطا در محاسبه اندیکاتورها: 'str' object has no attribute 'close_price'
[2026-09-01 22:07:15.664453] خطا در محاسبه اندیکاتورها: 'str' object has no attribute 'close_price'
[2026-09-01 22:07:15.711383] خطا در محاسبه اندیکاتورها: 'str' object has no attribute 'close_price'
[2026-09-01 22:07:15.759676] خطا در محاسبه اندیکاتورها: 'str' object has no attribute 'close_price'
[2026-09-01 22:07:15.834565] خطا در محاسبه اندیکاتورها: 'str' object has no attribute 'close_price'
[2026-09-01 22:07:15.882839] خطا در محاسبه اندیکاتورها: 'str' object has no attribute 'close_price'
[2026-09-01 22:07:16.078118] خطا در محاسبه اندیکاتورها: 'str' object has no attribute 'close_price'
[2026-09-01 22:07:16.121791] خطا در محاسبه اندیکاتورها: 'str' object has no attribute 'close_price'
[2026-09-01 22:07:16.168017] خطا در محاسبه اندیکاتورها: 'str' object has no attribute 'close_price'
[2026-09-01 22:07:16.226130] خطا در محاسبه اندیکاتورها: 'str' object has no attribute 'close_price'
[2026-09-01 22:07:16.842446] خطا در محاسبه اندیکاتورها: 'str' object has no attribute 'close_price'
[2026-09-01 22:07:17.017271] خطا در محاسبه اندیکاتورها: 'str' object has no attribute 'close_price'
[2026-09-01 22:07:17.089854] خطا در محاسبه اندیکاتورها: 'str' object has no attribute 'close_price'
[2026-09-01 22:07:17.179034] خطا در محاسبه اندیکاتورها: 'str' object has no attribute 'close_price'
[2026-09-01 22:07:17.227637] خطا در محاسبه اندیکاتورها: 'str' object has no attribute 'close_price'
[2026-09-01 22:07:17.275832] خطا در محاسبه اندیکاتورها: 'str' object has no attribute 'close_price'
[2026-09-01 22:07:17.323862] خطا در محاسبه اندیکاتورها: 'str' object has no attribute 'close_price'
[2026-09-01 22:07:17.374272] خطا در محاسبه اندیکاتورها: 'str' object has no attribute 'close_price'
[2026-09-01 22:07:17.445255] خطا در محاسبه اندیکاتورها: 'str' object has no attribute 'close_price'
[2026-09-01 22:07:17.532869] خطا در محاسبه اندیکاتورها: 'str' object has no attribute 'close_price'
[2026-09-01 22:07:17.584772] خطا در محاسبه اندیکاتورها: 'str' object has no attribute 'close_price'
[2026-09-01 22:07:17.635030] خطا در محاسبه اندیکاتورها: 'str' object has no attribute 'close_price'
[2026-09-01 22:07:17.682497] خطا در محاسبه اندیکاتورها: 'str' object has no attribute 'close_price'
[2026-09-01 22:07:17.729532] خطا در محاسبه اندیکاتورها: 'str' object has no attribute 'close_price'
[2026-09-01 22:07:17.775578] خطا در محاسبه اندیکاتورها: 'str' object has no attribute 'close_price'
[2026-09-01 22:07:17.837112] خطا در محاسبه اندیکاتورها: 'str' object has no attribute 'close_price'
[2026-09-01 22:07:17.887787] خطا در محاسبه اندیکاتورها: 'str' object has no attribute 'close_price'
[2026-09-01 22:07:17.936289] خطا در محاسبه اندیکاتورها: 'str' object has no attribute 'close_price'
[2026-09-01 22:07:18.024449] خطا در محاسبه اندیکاتورها: 'str' object has no attribute 'close_price'
[2026-09-01 22:07:18.069324] خطا در محاسبه اندیکاتورها: 'str' object has no attribute 'close_price'
[2026-09-01 22:07:18.116316] خطا در محاسبه اندیکاتورها: 'str' object has no attribute 'close_price'
[2026-09-01 22:07:18.218659] خطا در محاسبه اندیکاتورها: 'str' object has no attribute 'close_price'
[2026-09-01 22:07:18.283094] خطا در محاسبه اندیکاتورها: 'str' object has no attribute 'close_price'
[2026-09-01 22:07:18.345443] خطا در محاسبه اندیکاتورها: 'str' object has no attribute 'close_price'
[2026-09-01 22:07:18.391818] خطا در محاسبه اندیکاتورها: 'str' object has no attribute 'close_price'
[2026-09-01 22:07:18.445468] خطا در محاسبه اندیکاتورها: 'str' object has no attribute 'close_price'
[2026-09-01 22:07:18.527674] خطا در محاسبه اندیکاتورها: 'str' object has no attribute 'close_price'
[2026-09-01 22:07:18.578120] خطا در محاسبه اندیکاتورها: 'str' object has no attribute 'close_price'
[2026-09-01 22:07:18.626127] خطا در محاسبه اندیکاتورها: 'str' object has no attribute 'close_price'
[2026-09-01 22:07:18.674438] خطا در محاسبه اندیکاتورها: 'str' object has no attribute 'close_price'
[2026-09-01 22:07:18.718736] خطا در محاسبه اندیکاتورها: 'str' object has no attribute 'close_price'
[2026-09-01 22:07:18.812635] خطا در محاسبه اندیکاتورها: 'str' object has no attribute 'close_price'
[2026-09-01 22:07:18.896118] خطا در محاسبه اندیکاتورها: 'str' object has no attribute 'close_price'
[2026-09-01 22:07:18.948957] خطا در محاسبه اندیکاتورها: 'str' object has no attribute 'close_price'
[2026-09-01 22:07:19.009355] خطا در محاسبه اندیکاتورها: 'str' object has no attribute 'close_price'
[2026-09-01 22:07:19.070575] خطا در محاسبه اندیکاتورها: 'str' object has no attribute 'close_price'
[2026-09-01 22:07:19.147310] خطا در محاسبه اندیکاتورها: 'str' object has no attribute 'close_price'
[2026-09-01 22:07:19.230957] خطا در محاسبه اندیکاتورها: 'str' object has no attribute 'close_price'
[2026-09-01 22:07:19.288808] خطا در محاسبه اندیکاتورها: 'str' object has no attribute 'close_price'
[2026-09-01 22:07:19.366970] خطا در محاسبه اندیکاتورها: 'str' object has no attribute 'close_price'
[2026-09-01 22:07:19.478167] خطا در محاسبه اندیکاتورها: 'str' object has no attribute 'close_price'
[2026-09-01 22:07:19.569107] خطا در محاسبه اندیکاتورها: 'str' object has no attribute 'close_price'
[2026-09-01 22:07:19.618939] خطا در محاسبه اندیکاتورها: 'str' object has no attribute 'close_price'
[2026-09-01 22:07:19.673572] خطا در محاسبه اندیکاتورها: 'str' object has no attribute 'close_price'
[2026-09-01 22:07:19.717420] خطا در محاسبه اندیکاتورها: 'str' object has no attribute 'close_price'
[2026-09-01 22:07:19.763402] خطا در محاسبه اندیکاتورها: 'str' object has no attribute 'close_price'
[2026-09-01 22:07:19.810166] خطا در محاسبه اندیکاتورها: 'str' object has no attribute 'close_price'
[2026-09-01 22:07:19.854610] خطا در محاسبه اندیکاتورها: 'str' object has no attribute 'close_price'
[2026-09-01 22:07:19.899371] خطا در محاسبه اندیکاتورها: 'str' object has no attribute 'close_price'
[2026-09-01 22:07:19.998938] خطا در محاسبه اندیکاتورها: 'str' object has no attribute 'close_price'
[2026-09-01 22:07:20.082431] خطا در محاسبه اندیکاتورها: 'str' object has no attribute 'close_price'
[2026-09-01 22:07:20.243643] خطا در محاسبه اندیکاتورها: 'str' object has no attribute 'close_price'
[2026-09-01 22:07:20.286206] خطا در محاسبه اندیکاتورها: 'str' object has no attribute 'close_price'
[2026-09-01 22:07:20.333596] خطا در محاسبه اندیکاتورها: 'str' object has no attribute 'close_price'
[2026-09-01 22:07:20.410895] خطا در محاسبه اندیکاتورها: 'str' object has no attribute 'close_price'
[2026-09-01 22:07:20.466176] خطا در محاسبه اندیکاتورها: 'str' object has no attribute 'close_price'
[2026-09-01 22:07:20.521008] خطا در محاسبه اندیکاتورها: 'str' object has no attribute 'close_price'
[2026-09-01 22:07:20.567439] خطا در محاسبه اندیکاتورها: 'str' object has no attribute 'close_price'
[2026-09-01 22:07:20.736897] خطا در محاسبه اندیکاتورها: 'str' object has no attribute 'close_price'
[2026-09-01 22:07:20.785192] خطا در محاسبه اندیکاتورها: 'str' object has no attribute 'close_price'
[2026-09-01 22:07:20.976105] خطا در محاسبه اندیکاتورها: 'str' object has no attribute 'close_price'
[2026-09-01 22:07:21.096628] خطا در محاسبه اندیکاتورها: 'str' object has no attribute 'close_price'
[2026-09-01 22:07:21.149166] خطا در محاسبه اندیکاتورها: 'str' object has no attribute 'close_price'
[2026-09-01 22:07:21.213548] خطا در محاسبه اندیکاتورها: 'str' object has no attribute 'close_price'
[2026-09-01 22:07:21.275254] خطا در محاسبه اندیکاتورها: 'str' object has no attribute 'close_price'
[2026-09-01 22:07:21.320169] خطا در محاسبه اندیکاتورها: 'str' object has no attribute 'close_price'
[2026-09-01 22:07:21.479392] خطا در محاسبه اندیکاتورها: 'str' object has no attribute 'close_price'
[2026-09-01 22:07:21.580801] خطا در محاسبه اندیکاتورها: 'str' object has no attribute 'close_price'
[2026-09-01 22:07:21.707417] خطا در محاسبه اندیکاتورها: 'str' object has no attribute 'close_price'
[2026-09-01 22:07:22.030430] خطا در محاسبه اندیکاتورها: 'str' object has no attribute 'close_price'
[2026-09-01 22:07:22.252235] خطا در محاسبه اندیکاتورها: 'str' object has no attribute 'close_price'
[2026-09-01 22:07:22.303267] خطا در محاسبه اندیکاتورها: 'str' object has no attribute 'close_price'
[2026-09-01 22:07:22.346317] خطا در محاسبه اندیکاتورها: 'str' object has no attribute 'close_price'
[2026-09-01 22:07:22.389994] خطا در محاسبه اندیکاتورها: 'str' object has no attribute 'close_price'
[2026-09-01 22:07:22.437157] خطا در محاسبه اندیکاتورها: 'str' object has no attribute 'close_price'
[2026-09-01 22:07:22.635971] خطا در محاسبه اندیکاتورها: 'str' object has no attribute 'close_price'
[2026-09-01 22:07:22.690670] خطا در محاسبه اندیکاتورها: 'str' object has no attribute 'close_price'
[2026-09-01 22:07:22.737156] خطا در محاسبه اندیکاتورها: 'str' object has no attribute 'close_price'
[2026-09-01 22:07:22.879525] خطا در محاسبه اندیکاتورها: 'str' object has no attribute 'close_price'
[2026-09-01 22:07:22.922769] خطا در محاسبه اندیکاتورها: 'str' object has no attribute 'close_price'
[2026-09-01 22:07:22.965676] خطا در محاسبه اندیکاتورها: 'str' object has no attribute 'close_price'
[2026-09-01 22:07:23.779195] خطا در محاسبه اندیکاتورها: 'str' object has no attribute 'close_price'
[2026-09-01 22:07:23.994987] خطا در محاسبه اندیکاتورها: 'str' object has no attribute 'close_price'
[2026-09-01 22:07:24.175529] خطا در محاسبه اندیکاتورها: 'str' object has no attribute 'close_price'
[2026-09-01 22:07:24.242557] خطا در محاسبه اندیکاتورها: 'str' object has no attribute 'close_price'
[2026-09-01 22:07:24.295949] خطا در محاسبه اندیکاتورها: 'str' object has no attribute 'close_price'
[2026-09-01 22:07:24.375495] خطا در محاسبه اندیکاتورها: 'str' object has no attribute 'close_price'
[2026-09-01 22:07:24.506177] خطا در محاسبه اندیکاتورها: 'str' object has no attribute 'close_price'
[2026-09-01 22:07:24.557548] خطا در محاسبه اندیکاتورها: 'str' object has no attribute 'close_price'
[2026-09-01 22:07:24.619705] خطا در محاسبه اندیکاتورها: 'str' object has no attribute 'close_price'
[2026-09-01 22:07:24.673910] خطا در محاسبه اندیکاتورها: 'str' object has no attribute 'close_price'
[2026-09-01 22:07:24.726366] خطا در محاسبه اندیکاتورها: 'str' object has no attribute 'close_price'
[2026-09-01 22:07:24.775714] خطا در محاسبه اندیکاتورها: 'str' object has no attribute 'close_price'
[2026-09-01 22:07:24.824948] خطا در محاسبه اندیکاتورها: 'str' object has no attribute 'close_price'
[2026-09-01 22:07:24.878229] خطا در محاسبه اندیکاتورها: 'str' object has no attribute 'close_price'
[2026-09-01 22:07:25.079305] خطا در محاسبه اندیکاتورها: 'str' object has no attribute 'close_price'
[2026-09-01 22:07:25.130851] خطا در محاسبه اندیکاتورها: 'str' object has no attribute 'close_price'
[2026-09-01 22:07:25.178451] خطا در محاسبه اندیکاتورها: 'str' object has no attribute 'close_price'
[2026-09-01 22:07:25.224869] خطا در محاسبه اندیکاتورها: 'str' object has no attribute 'close_price'
[2026-09-01 22:07:25.430294] خطا در محاسبه اندیکاتورها: 'str' object has no attribute 'close_price'
[2026-09-01 22:07:25.484128] خطا در محاسبه اندیکاتورها: 'str' object has no attribute 'close_price'
[2026-09-01 22:07:25.527458] خطا در محاسبه اندیکاتورها: 'str' object has no attribute 'close_price'
[2026-09-01 22:07:25.607681] خطا در محاسبه اندیکاتورها: 'str' object has no attribute 'close_price'
[2026-09-01 22:07:25.652744] خطا در محاسبه اندیکاتورها: 'str' object has no attribute 'close_price'
[2026-09-01 22:07:25.697886] خطا در محاسبه اندیکاتورها: 'str' object has no attribute 'close_price'
[2026-09-01 22:07:25.740525] خطا در محاسبه اندیکاتورها: 'str' object has no attribute 'close_price'
[2026-09-01 22:07:25.789916] خطا در محاسبه اندیکاتورها: 'str' object has no attribute 'close_price'
[2026-09-01 22:07:25.840328] خطا در محاسبه اندیکاتورها: 'str' object has no attribute 'close_price'
[2026-09-01 22:07:25.994256] خطا در محاسبه اندیکاتورها: 'str' object has no attribute 'close_price'
[2026-09-01 22:07:26.075041] خطا در محاسبه اندیکاتورها: 'str' object has no attribute 'close_price'
[2026-09-01 22:07:26.123169] خطا در محاسبه اندیکاتورها: 'str' object has no attribute 'close_price'
[2026-09-01 22:07:26.171325] خطا در محاسبه اندیکاتورها: 'str' object has no attribute 'close_price'
[2026-09-01 22:07:26.222670] خطا در محاسبه اندیکاتورها: 'str' object has no attribute 'close_price'
[2026-09-01 22:07:26.273333] خطا در محاسبه اندیکاتورها: 'str' object has no attribute 'close_price'
[2026-09-01 22:07:26.325661] خطا در محاسبه اندیکاتورها: 'str' object has no attribute 'close_price'
[2026-09-01 22:07:26.390961] خطا در محاسبه اندیکاتورها: 'str' object has no attribute 'close_price'
[2026-09-01 22:07:26.447535] خطا در محاسبه اندیکاتورها: 'str' object has no attribute 'close_price'
[2026-09-01 22:07:26.498756] خطا در محاسبه اندیکاتورها: 'str' object has no attribute 'close_price'
[2026-09-01 22:07:26.602583] خطا در محاسبه اندیکاتورها: 'str' object has no attribute 'close_price'
[2026-09-01 22:07:26.710722] خطا در محاسبه اندیکاتورها: 'str' object has no attribute 'close_price'
[2026-09-01 22:07:26.756649] خطا در محاسبه اندیکاتورها: 'str' object has no attribute 'close_price'
[2026-09-01 22:07:26.806060] خطا در محاسبه اندیکاتورها: 'str' object has no attribute 'close_price'
[2026-09-01 22:07:26.887034] خطا در محاسبه اندیکاتورها: 'str' object has no attribute 'close_price'
[2026-09-01 22:07:26.939851] خطا در محاسبه اندیکاتورها: 'str' object has no attribute 'close_price'
[2026-09-01 22:07:27.005366] خطا در محاسبه اندیکاتورها: 'str' object has no attribute 'close_price'
[2026-09-01 22:07:27.049498] خطا در محاسبه اندیکاتورها: 'str' object has no attribute 'close_price'
[2026-09-01 22:07:27.093784] خطا در محاسبه اندیکاتورها: 'str' object has no attribute 'close_price'
[2026-09-01 22:07:27.136975] خطا در محاسبه اندیکاتورها: 'str' object has no attribute 'close_price'
[2026-09-01 22:07:27.180754] خطا در محاسبه اندیکاتورها: 'str' object has no attribute 'close_price'
[2026-09-01 22:07:27.225797] خطا در محاسبه اندیکاتورها: 'str' object has no attribute 'close_price'
[2026-09-01 22:07:27.272506] خطا در محاسبه اندیکاتورها: 'str' object has no attribute 'close_price'
[2026-09-01 22:07:27.343951] خطا در محاسبه اندیکاتورها: 'str' object has no attribute 'close_price'
[2026-09-01 22:07:27.409871] خطا در محاسبه اندیکاتورها: 'str' object has no attribute 'close_price'
[2026-09-01 22:07:27.453448] خطا در محاسبه اندیکاتورها: 'str' object has no attribute 'close_price'
[2026-09-01 22:07:27.498234] خطا در محاسبه اندیکاتورها: 'str' object has no attribute 'close_price'
[2026-09-01 22:07:27.543014] خطا در محاسبه اندیکاتورها: 'str' object has no attribute 'close_price'
[2026-09-01 22:07:27.674951] خطا در محاسبه اندیکاتورها: 'str' object has no attribute 'close_price'
[2026-09-01 22:07:27.726700] خطا در محاسبه اندیکاتورها: 'str' object has no attribute 'close_price'
[2026-09-01 22:07:28.143657] خطا در محاسبه اندیکاتورها: 'str' object has no attribute 'close_price'
[2026-09-01 22:07:28.221787] خطا در محاسبه اندیکاتورها: 'str' object has no attribute 'close_price'
[2026-09-01 22:07:28.304069] خطا در محاسبه اندیکاتورها: 'str' object has no attribute 'close_price'
[2026-09-01 22:07:28.383308] خطا در محاسبه اندیکاتورها: 'str' object has no attribute 'close_price'
[2026-09-01 22:07:28.489485] خطا در محاسبه اندیکاتورها: 'str' object has no attribute 'close_price'
[2026-09-01 22:07:28.530793] خطا در محاسبه اندیکاتورها: 'str' object has no attribute 'close_price'
[2026-09-01 22:07:28.575536] خطا در محاسبه اندیکاتورها: 'str' object has no attribute 'close_price'
[2026-09-01 22:07:28.618033] خطا در محاسبه اندیکاتورها: 'str' object has no attribute 'close_price'
[2026-09-01 22:07:28.739084] خطا در محاسبه اندیکاتورها: 'str' object has no attribute 'close_price'
[2026-09-01 22:07:28.800463] خطا در محاسبه اندیکاتورها: 'str' object has no attribute 'close_price'
[2026-09-01 22:07:28.848003] خطا در محاسبه اندیکاتورها: 'str' object has no attribute 'close_price'
[2026-09-01 22:07:28.891171] خطا در محاسبه اندیکاتورها: 'str' object has no attribute 'close_price'
[2026-09-01 22:07:29.004808] خطا در محاسبه اندیکاتورها: 'str' object has no attribute 'close_price'
[2026-09-01 22:07:29.051729] خطا در محاسبه اندیکاتورها: 'str' object has no attribute 'close_price'
[2026-09-01 22:07:29.251496] خطا در محاسبه اندیکاتورها: 'str' object has no attribute 'close_price'
[2026-09-01 22:07:29.304586] خطا در محاسبه اندیکاتورها: 'str' object has no attribute 'close_price'
[2026-09-01 22:07:29.346691] خطا در محاسبه اندیکاتورها: 'str' object has no attribute 'close_price'
[2026-09-01 22:07:29.395400] خطا در محاسبه اندیکاتورها: 'str' object has no attribute 'close_price'
[2026-09-01 22:07:29.436289] خطا در محاسبه اندیکاتورها: 'str' object has no attribute 'close_price'
[2026-09-01 22:07:29.512198] خطا در محاسبه اندیکاتورها: 'str' object has no attribute 'close_price'
[2026-09-01 22:07:29.560782] خطا در محاسبه اندیکاتورها: 'str' object has no attribute 'close_price'
[2026-09-01 22:07:29.606969] خطا در محاسبه اندیکاتورها: 'str' object has no attribute 'close_price'
[2026-09-01 22:07:29.723731] خطا در محاسبه اندیکاتورها: 'str' object has no attribute 'close_price'
[2026-09-01 22:07:29.804390] خطا در محاسبه اندیکاتورها: 'str' object has no attribute 'close_price'
[2026-09-01 22:07:29.882063] خطا در محاسبه اندیکاتورها: 'str' object has no attribute 'close_price'
[2026-09-01 22:07:29.951827] خطا در محاسبه اندیکاتورها: 'str' object has no attribute 'close_price'
[2026-09-01 22:07:29.995641] خطا در محاسبه اندیکاتورها: 'str' object has no attribute 'close_price'
[2026-09-01 22:07:30.041253] خطا در محاسبه اندیکاتورها: 'str' object has no attribute 'close_price'
[2026-09-01 22:07:30.086483] خطا در محاسبه اندیکاتورها: 'str' object has no attribute 'close_price'
[2026-09-01 22:07:30.145303] خطا در محاسبه اندیکاتورها: 'str' object has no attribute 'close_price'
[2026-09-01 22:07:30.227661] خطا در محاسبه اندیکاتورها: 'str' object has no attribute 'close_price'
[2026-09-01 22:07:30.310846] خطا در محاسبه اندیکاتورها: 'str' object has no attribute 'close_price'
[2026-09-01 22:07:30.461438] خطا در محاسبه اندیکاتورها: 'str' object has no attribute 'close_price'
[2026-09-01 22:07:30.504722] خطا در محاسبه اندیکاتورها: 'str' object has no attribute 'close_price'
[2026-09-01 22:07:30.562998] خطا در محاسبه اندیکاتورها: 'str' object has no attribute 'close_price'
[2026-09-01 22:07:30.607505] خطا در محاسبه اندیکاتورها: 'str' object has no attribute 'close_price'
[2026-09-01 22:07:30.675938] خطا در محاسبه اندیکاتورها: 'str' object has no attribute 'close_price'
[2026-09-01 22:07:30.725694] خطا در محاسبه اندیکاتورها: 'str' object has no attribute 'close_price'
[2026-09-01 22:07:30.765913] خطا در محاسبه اندیکاتورها: 'str' object has no attribute 'close_price'
[2026-09-01 22:07:30.842787] خطا در محاسبه اندیکاتورها: 'str' object has no attribute 'close_price'
[2026-09-01 22:07:31.043574] خطا در محاسبه اندیکاتورها: 'str' object has no attribute 'close_price'
[2026-09-01 22:07:31.091328] خطا در محاسبه اندیکاتورها: 'str' object has no attribute 'close_price'
[2026-09-01 22:07:31.140502] خطا در محاسبه اندیکاتورها: 'str' object has no attribute 'close_price'
[2026-09-01 22:07:31.193140] خطا در محاسبه اندیکاتورها: 'str' object has no attribute 'close_price'
[2026-09-01 22:07:31.254139] خطا در محاسبه اندیکاتورها: 'str' object has no attribute 'close_price'
[2026-09-01 22:07:31.301187] خطا در محاسبه اندیکاتورها: 'str' object has no attribute 'close_price'
[2026-09-01 22:07:31.342511] خطا در محاسبه اندیکاتورها: 'str' object has no attribute 'close_price'
[2026-09-01 22:07:31.390554] خطا در محاسبه اندیکاتورها: 'str' object has no attribute 'close_price'
[2026-09-01 22:07:31.436328] خطا در محاسبه اندیکاتورها: 'str' object has no attribute 'close_price'
[2026-09-01 22:07:31.522111] خطا در محاسبه اندیکاتورها: 'str' object has no attribute 'close_price'
[2026-09-01 22:07:31.599132] خطا در محاسبه اندیکاتورها: 'str' object has no attribute 'close_price'
[2026-09-01 22:07:31.646481] خطا در محاسبه اندیکاتورها: 'str' object has no attribute 'close_price'
[2026-09-01 22:07:31.687332] خطا در محاسبه اندیکاتورها: 'str' object has no attribute 'close_price'
[2026-09-01 22:07:31.812196] خطا در محاسبه اندیکاتورها: 'str' object has no attribute 'close_price'
[2026-09-01 22:07:31.945248] خطا در محاسبه اندیکاتورها: 'str' object has no attribute 'close_price'
[2026-09-01 22:07:32.020653] خطا در محاسبه اندیکاتورها: 'str' object has no attribute 'close_price'
[2026-09-01 22:07:32.065722] خطا در محاسبه اندیکاتورها: 'str' object has no attribute 'close_price'
[2026-09-01 22:07:32.112375] خطا در محاسبه اندیکاتورها: 'str' object has no attribute 'close_price'
[2026-09-01 22:07:32.159121] خطا در محاسبه اندیکاتورها: 'str' object has no attribute 'close_price'
[2026-09-01 22:07:32.212373] خطا در محاسبه اندیکاتورها: 'str' object has no attribute 'close_price'
[2026-09-01 22:07:32.275086] خطا در محاسبه اندیکاتورها: 'str' object has no attribute 'close_price'
[2026-09-01 22:07:32.400253] خطا در محاسبه اندیکاتورها: 'str' object has no attribute 'close_price'
[2026-09-01 22:07:32.444220] خطا در محاسبه اندیکاتورها: 'str' object has no attribute 'close_price'
[2026-09-01 22:07:32.491323] خطا در محاسبه اندیکاتورها: 'str' object has no attribute 'close_price'
[2026-09-01 22:07:32.568262] خطا در محاسبه اندیکاتورها: 'str' object has no attribute 'close_price'
[2026-09-01 22:07:32.612303] خطا در محاسبه اندیکاتورها: 'str' object has no attribute 'close_price'
[2026-09-01 22:07:32.732171] خطا در محاسبه اندیکاتورها: 'str' object has no attribute 'close_price'
[2026-09-01 22:07:32.786036] خطا در محاسبه اندیکاتورها: 'str' object has no attribute 'close_price'
[2026-09-01 22:07:32.832638] خطا در محاسبه اندیکاتورها: 'str' object has no attribute 'close_price'
[2026-09-01 22:07:32.879204] خطا در محاسبه اندیکاتورها: 'str' object has no attribute 'close_price'
[2026-09-01 22:07:32.925655] خطا در محاسبه اندیکاتورها: 'str' object has no attribute 'close_price'
[2026-09-01 22:07:32.972301] خطا در محاسبه اندیکاتورها: 'str' object has no attribute 'close_price'
[2026-09-01 22:07:33.039097] خطا در محاسبه اندیکاتورها: 'str' object has no attribute 'close_price'
[2026-09-01 22:07:33.134532] خطا در محاسبه اندیکاتورها: 'str' object has no attribute 'close_price'
[2026-09-01 22:07:33.246138] خطا در محاسبه اندیکاتورها: 'str' object has no attribute 'close_price'
[2026-09-01 22:07:33.378937] خطا در محاسبه اندیکاتورها: 'str' object has no attribute 'close_price'
[2026-09-01 22:07:33.427720] خطا در محاسبه اندیکاتورها: 'str' object has no attribute 'close_price'
[2026-09-01 22:07:33.468480] خطا در محاسبه اندیکاتورها: 'str' object has no attribute 'close_price'
[2026-09-01 22:07:33.513023] خطا در محاسبه اندیکاتورها: 'str' object has no attribute 'close_price'
[2026-09-01 22:07:33.558885] خطا در محاسبه اندیکاتورها: 'str' object has no attribute 'close_price'
[2026-09-01 22:07:33.683277] خطا در محاسبه اندیکاتورها: 'str' object has no attribute 'close_price'
[2026-09-01 22:07:33.733451] خطا در محاسبه اندیکاتورها: 'str' object has no attribute 'close_price'
[2026-09-01 22:07:33.855568] خطا در محاسبه اندیکاتورها: 'str' object has no attribute 'close_price'
[2026-09-01 22:07:33.897325] خطا در محاسبه اندیکاتورها: 'str' object has no attribute 'close_price'
[2026-09-01 22:07:33.943799] خطا در محاسبه اندیکاتورها: 'str' object has no attribute 'close_price'
[2026-09-01 22:07:33.987015] خطا در محاسبه اندیکاتورها: 'str' object has no attribute 'close_price'
[2026-09-01 22:07:34.031084] خطا در محاسبه اندیکاتورها: 'str' object has no attribute 'close_price'
[2026-09-01 22:07:34.077301] خطا در محاسبه اندیکاتورها: 'str' object has no attribute 'close_price'
[2026-09-01 22:07:34.157269] خطا در محاسبه اندیکاتورها: 'str' object has no attribute 'close_price'
[2026-09-01 22:07:34.202227] خطا در محاسبه اندیکاتورها: 'str' object has no attribute 'close_price'
[2026-09-01 22:07:34.276011] خطا در محاسبه اندیکاتورها: 'str' object has no attribute 'close_price'
[2026-09-01 22:07:34.356811] خطا در محاسبه اندیکاتورها: 'str' object has no attribute 'close_price'
[2026-09-01 22:07:34.397683] خطا در محاسبه اندیکاتورها: 'str' object has no attribute 'close_price'
[2026-09-01 22:07:34.453389] خطا در محاسبه اندیکاتورها: 'str' object has no attribute 'close_price'
[2026-09-01 22:07:34.711378] خطا در محاسبه اندیکاتورها: 'str' object has no attribute 'close_price'
[2026-09-01 22:07:34.756472] خطا در محاسبه اندیکاتورها: 'str' object has no attribute 'close_price'
[2026-09-01 22:07:34.822645] خطا در محاسبه اندیکاتورها: 'str' object has no attribute 'close_price'
[2026-09-01 22:07:34.879189] خطا در محاسبه اندیکاتورها: 'str' object has no attribute 'close_price'
[2026-09-01 22:07:34.945304] خطا در محاسبه اندیکاتورها: 'str' object has no attribute 'close_price'
[2026-09-01 22:07:34.989396] خطا در محاسبه اندیکاتورها: 'str' object has no attribute 'close_price'
[2026-09-01 22:07:35.032772] خطا در محاسبه اندیکاتورها: 'str' object has no attribute 'close_price'
[2026-09-01 22:07:35.085412] خطا در محاسبه اندیکاتورها: 'str' object has no attribute 'close_price'
[2026-09-01 22:07:35.364574] خطا در محاسبه اندیکاتورها: 'str' object has no attribute 'close_price'
[2026-09-01 22:07:35.585983] خطا در محاسبه اندیکاتورها: 'str' object has no attribute 'close_price'
[2026-09-01 22:07:35.968181] خطا در محاسبه اندیکاتورها: 'str' object has no attribute 'close_price'
[2026-09-01 22:07:36.221805] خطا در محاسبه اندیکاتورها: 'str' object has no attribute 'close_price'
[2026-09-01 22:07:36.277736] خطا در محاسبه اندیکاتورها: 'str' object has no attribute 'close_price'
[2026-09-01 22:07:36.322739] خطا در محاسبه اندیکاتورها: 'str' object has no attribute 'close_price'
[2026-09-01 22:07:36.379880] خطا در محاسبه اندیکاتورها: 'str' object has no attribute 'close_price'
[2026-09-01 22:07:36.471254] خطا در محاسبه اندیکاتورها: 'str' object has no attribute 'close_price'
[2026-09-01 22:07:36.607747] خطا در محاسبه اندیکاتورها: 'str' object has no attribute 'close_price'
[2026-09-01 22:07:36.686868] خطا در محاسبه اندیکاتورها: 'str' object has no attribute 'close_price'
[2026-09-01 22:07:36.781082] خطا در محاسبه اندیکاتورها: 'str' object has no attribute 'close_price'
[2026-09-01 22:07:36.831491] خطا در محاسبه اندیکاتورها: 'str' object has no attribute 'close_price'
[2026-09-01 22:07:36.878677] خطا در محاسبه اندیکاتورها: 'str' object has no attribute 'close_price'
[2026-09-01 22:07:36.971664] خطا در محاسبه اندیکاتورها: 'str' object has no attribute 'close_price'
[2026-09-01 22:07:37.024177] خطا در محاسبه اندیکاتورها: 'str' object has no attribute 'close_price'
[2026-09-01 22:07:37.080650] خطا در محاسبه اندیکاتورها: 'str' object has no attribute 'close_price'
[2026-09-01 22:07:37.173126] خطا در محاسبه اندیکاتورها: 'str' object has no attribute 'close_price'
[2026-09-01 22:07:37.276382] خطا در محاسبه اندیکاتورها: 'str' object has no attribute 'close_price'
[2026-09-01 22:07:37.370306] خطا در محاسبه اندیکاتورها: 'str' object has no attribute 'close_price'
[2026-09-01 22:07:37.434810] خطا در محاسبه اندیکاتورها: 'str' object has no attribute 'close_price'
[2026-09-01 22:07:37.505864] خطا در محاسبه اندیکاتورها: 'str' object has no attribute 'close_price'
[2026-09-01 22:07:37.571798] خطا در محاسبه اندیکاتورها: 'str' object has no attribute 'close_price'
[2026-09-01 22:07:37.698459] خطا در محاسبه اندیکاتورها: 'str' object has no attribute 'close_price'
[2026-09-01 22:07:37.769205] خطا در محاسبه اندیکاتورها: 'str' object has no attribute 'close_price'
[2026-09-01 22:07:37.943593] خطا در محاسبه اندیکاتورها: 'str' object has no attribute 'close_price'
[2026-09-01 22:07:37.992899] خطا در محاسبه اندیکاتورها: 'str' object has no attribute 'close_price'
[2026-09-01 22:07:38.044670] خطا در محاسبه اندیکاتورها: 'str' object has no attribute 'close_price'
[2026-09-01 22:07:38.119961] خطا در محاسبه اندیکاتورها: 'str' object has no attribute 'close_price'
[2026-09-01 22:07:38.166033] خطا در محاسبه اندیکاتورها: 'str' object has no attribute 'close_price'
[2026-09-01 22:07:38.262874] خطا در محاسبه اندیکاتورها: 'str' object has no attribute 'close_price'
[2026-09-01 22:07:38.328081] خطا در محاسبه اندیکاتورها: 'str' object has no attribute 'close_price'
[2026-09-01 22:07:38.375126] خطا در محاسبه اندیکاتورها: 'str' object has no attribute 'close_price'
[2026-09-01 22:07:38.429102] خطا در محاسبه اندیکاتورها: 'str' object has no attribute 'close_price'
[2026-09-01 22:07:38.562426] خطا در محاسبه اندیکاتورها: 'str' object has no attribute 'close_price'
[2026-09-01 22:07:38.606396] خطا در محاسبه اندیکاتورها: 'str' object has no attribute 'close_price'
[2026-09-01 22:07:38.653236] خطا در محاسبه اندیکاتورها: 'str' object has no attribute 'close_price'
[2026-09-01 22:07:38.773787] خطا در محاسبه اندیکاتورها: 'str' object has no attribute 'close_price'
[2026-09-01 22:07:38.824951] خطا در محاسبه اندیکاتورها: 'str' object has no attribute 'close_price'
[2026-09-01 22:07:38.883806] خطا در محاسبه اندیکاتورها: 'str' object has no attribute 'close_price'
[2026-09-01 22:07:39.049155] خطا در محاسبه اندیکاتورها: 'str' object has no attribute 'close_price'
[2026-09-01 22:07:39.222944] خطا در محاسبه اندیکاتورها: 'str' object has no attribute 'close_price'
[2026-09-01 22:07:39.349916] خطا در محاسبه اندیکاتورها: 'str' object has no attribute 'close_price'
[2026-09-01 22:07:39.394415] خطا در محاسبه اندیکاتورها: 'str' object has no attribute 'close_price'
[2026-09-01 22:07:39.513484] خطا در محاسبه اندیکاتورها: 'str' object has no attribute 'close_price'
[2026-09-01 22:07:39.599399] خطا در محاسبه اندیکاتورها: 'str' object has no attribute 'close_price'
[2026-09-01 22:07:39.646011] خطا در محاسبه اندیکاتورها: 'str' object has no attribute 'close_price'
[2026-09-01 22:07:39.695878] خطا در محاسبه اندیکاتورها: 'str' object has no attribute 'close_price'
[2026-09-01 22:07:39.868710] خطا در محاسبه اندیکاتورها: 'str' object has no attribute 'close_price'
[2026-09-01 22:07:39.914893] خطا در محاسبه اندیکاتورها: 'str' object has no attribute 'close_price'
[2026-09-01 22:07:39.960258] خطا در محاسبه اندیکاتورها: 'str' object has no attribute 'close_price'
[2026-09-01 22:07:40.012231] خطا در محاسبه اندیکاتورها: 'str' object has no attribute 'close_price'
[2026-09-01 22:07:40.058229] خطا در محاسبه اندیکاتورها: 'str' object has no attribute 'close_price'
[2026-09-01 22:07:40.117346] خطا در محاسبه اندیکاتورها: 'str' object has no attribute 'close_price'
[2026-09-01 22:07:40.433035] خطا در محاسبه اندیکاتورها: 'str' object has no attribute 'close_price'
[2026-09-01 22:07:40.555683] خطا در محاسبه اندیکاتورها: 'str' object has no attribute 'close_price'
[2026-09-01 22:07:40.696077] خطا در محاسبه اندیکاتورها: 'str' object has no attribute 'close_price'
[2026-09-01 22:07:40.789985] خطا در محاسبه اندیکاتورها: 'str' object has no attribute 'close_price'
[2026-09-01 22:07:40.838476] خطا در محاسبه اندیکاتورها: 'str' object has no attribute 'close_price'
[2026-09-01 22:07:40.959538] خطا در محاسبه اندیکاتورها: 'str' object has no attribute 'close_price'
[2026-09-01 22:07:41.085891] خطا در محاسبه اندیکاتورها: 'str' object has no attribute 'close_price'
[2026-09-01 22:07:41.129569] خطا در محاسبه اندیکاتورها: 'str' object has no attribute 'close_price'
[2026-09-01 22:07:41.215641] خطا در محاسبه اندیکاتورها: 'str' object has no attribute 'close_price'
[2026-09-01 22:07:41.345304] خطا در محاسبه اندیکاتورها: 'str' object has no attribute 'close_price'
[2026-09-01 22:07:41.418565] خطا در محاسبه اندیکاتورها: 'str' object has no attribute 'close_price'
[2026-09-01 22:07:41.466954] خطا در محاسبه اندیکاتورها: 'str' object has no attribute 'close_price'
[2026-09-01 22:07:41.509601] خطا در محاسبه اندیکاتورها: 'str' object has no attribute 'close_price'
[2026-09-01 22:07:41.553915] خطا در محاسبه اندیکاتورها: 'str' object has no attribute 'close_price'
[2026-09-01 22:07:41.602020] خطا در محاسبه اندیکاتورها: 'str' object has no attribute 'close_price'
[2026-09-01 22:07:41.649423] خطا در محاسبه اندیکاتورها: 'str' object has no attribute 'close_price'
[2026-09-01 22:07:41.846423] خطا در محاسبه اندیکاتورها: 'str' object has no attribute 'close_price'
[2026-09-01 22:07:41.897198] خطا در محاسبه اندیکاتورها: 'str' object has no attribute 'close_price'
[2026-09-01 22:07:42.311569] خطا در محاسبه اندیکاتورها: 'str' object has no attribute 'close_price'
[2026-09-01 22:07:42.359899] خطا در محاسبه اندیکاتورها: 'str' object has no attribute 'close_price'
[2026-09-01 22:07:42.625259] خطا در محاسبه اندیکاتورها: 'str' object has no attribute 'close_price'
[2026-09-01 22:07:42.670859] خطا در محاسبه اندیکاتورها: 'str' object has no attribute 'close_price'
[2026-09-01 22:07:42.754174] خطا در محاسبه اندیکاتورها: 'str' object has no attribute 'close_price'
[2026-09-01 22:07:42.839103] خطا در محاسبه اندیکاتورها: 'str' object has no attribute 'close_price'
[2026-09-01 22:07:42.970961] خطا در محاسبه اندیکاتورها: 'str' object has no attribute 'close_price'
[2026-09-01 22:07:43.019132] خطا در محاسبه اندیکاتورها: 'str' object has no attribute 'close_price'
[2026-09-01 22:07:43.062856] خطا در محاسبه اندیکاتورها: 'str' object has no attribute 'close_price'
[2026-09-01 22:07:43.109428] خطا در محاسبه اندیکاتورها: 'str' object has no attribute 'close_price'
[2026-09-01 22:07:43.162454] خطا در محاسبه اندیکاتورها: 'str' object has no attribute 'close_price'
[2026-09-01 22:07:43.214957] خطا در محاسبه اندیکاتورها: 'str' object has no attribute 'close_price'
[2026-09-01 22:07:43.265090] خطا در محاسبه اندیکاتورها: 'str' object has no attribute 'close_price'
[2026-09-01 22:07:43.514674] خطا در محاسبه اندیکاتورها: 'str' object has no attribute 'close_price'
[2026-09-01 22:07:43.564825] خطا در محاسبه اندیکاتورها: 'str' object has no attribute 'close_price'
[2026-09-01 22:07:43.611892] خطا در محاسبه اندیکاتورها: 'str' object has no attribute 'close_price'
[2026-09-01 22:07:43.659903] خطا در محاسبه اندیکاتورها: 'str' object has no attribute 'close_price'
[2026-09-01 22:07:43.732485] خطا در محاسبه اندیکاتورها: 'str' object has no attribute 'close_price'
[2026-09-01 22:07:43.773833] خطا در محاسبه اندیکاتورها: 'str' object has no attribute 'close_price'
[2026-09-01 22:07:43.817515] خطا در محاسبه اندیکاتورها: 'str' object has no attribute 'close_price'
[2026-09-01 22:07:43.862542] خطا در محاسبه اندیکاتورها: 'str' object has no attribute 'close_price'
[2026-09-01 22:07:43.905463] خطا در محاسبه اندیکاتورها: 'str' object has no attribute 'close_price'
[2026-09-01 22:07:43.961647] خطا در محاسبه اندیکاتورها: 'str' object has no attribute 'close_price'
[2026-09-01 22:07:44.033311] خطا در محاسبه اندیکاتورها: 'str' object has no attribute 'close_price'
[2026-09-01 22:07:44.074612] خطا در محاسبه اندیکاتورها: 'str' object has no attribute 'close_price'
[2026-09-01 22:07:44.121075] خطا در محاسبه اندیکاتورها: 'str' object has no attribute 'close_price'
[2026-09-01 22:07:44.208363] خطا در محاسبه اندیکاتورها: 'str' object has no attribute 'close_price'
[2026-09-01 22:07:44.256689] خطا در محاسبه اندیکاتورها: 'str' object has no attribute 'close_price'
[2026-09-01 22:07:44.346703] خطا در محاسبه اندیکاتورها: 'str' object has no attribute 'close_price'
[2026-09-01 22:07:44.506079] خطا در محاسبه اندیکاتورها: 'str' object has no attribute 'close_price'
[2026-09-01 22:07:44.558102] خطا در محاسبه اندیکاتورها: 'str' object has no attribute 'close_price'
[2026-09-01 22:07:44.631127] خطا در محاسبه اندیکاتورها: 'str' object has no attribute 'close_price'
[2026-09-01 22:07:44.710325] خطا در محاسبه اندیکاتورها: 'str' object has no attribute 'close_price'
[2026-09-01 22:07:44.789439] خطا در محاسبه اندیکاتورها: 'str' object has no attribute 'close_price'
[2026-09-01 22:07:44.860648] خطا در محاسبه اندیکاتورها: 'str' object has no attribute 'close_price'
[2026-09-01 22:07:44.904645] خطا در محاسبه اندیکاتورها: 'str' object has no attribute 'close_price'
[2026-09-01 22:07:44.950374] خطا در محاسبه اندیکاتورها: 'str' object has no attribute 'close_price'
[2026-09-01 22:07:44.994772] خطا در محاسبه اندیکاتورها: 'str' object has no attribute 'close_price'
[2026-09-01 22:07:45.112811] خطا در محاسبه اندیکاتورها: 'str' object has no attribute 'close_price'
[2026-09-01 22:07:45.162510] خطا در محاسبه اندیکاتورها: 'str' object has no attribute 'close_price'
[2026-09-01 22:07:45.348204] خطا در محاسبه اندیکاتورها: 'str' object has no attribute 'close_price'
[2026-09-01 22:07:45.416017] خطا در محاسبه اندیکاتورها: 'str' object has no attribute 'close_price'
[2026-09-01 22:07:45.461685] خطا در محاسبه اندیکاتورها: 'str' object has no attribute 'close_price'
[2026-09-01 22:07:45.503608] خطا در محاسبه اندیکاتورها: 'str' object has no attribute 'close_price'
[2026-09-01 22:07:45.550206] خطا در محاسبه اندیکاتورها: 'str' object has no attribute 'close_price'
[2026-09-01 22:07:45.632316] خطا در محاسبه اندیکاتورها: 'str' object has no attribute 'close_price'
[2026-09-01 22:07:45.690778] خطا در محاسبه اندیکاتورها: 'str' object has no attribute 'close_price'
[2026-09-01 22:07:45.813886] خطا در محاسبه اندیکاتورها: 'str' object has no attribute 'close_price'
[2026-09-01 22:07:46.043345] خطا در محاسبه اندیکاتورها: 'str' object has no attribute 'close_price'
[2026-09-01 22:07:46.097751] خطا در محاسبه اندیکاتورها: 'str' object has no attribute 'close_price'
[2026-09-01 22:07:46.148339] خطا در محاسبه اندیکاتورها: 'str' object has no attribute 'close_price'
[2026-09-01 22:07:46.196511] خطا در محاسبه اندیکاتورها: 'str' object has no attribute 'close_price'
[2026-09-01 22:07:46.241937] خطا در محاسبه اندیکاتورها: 'str' object has no attribute 'close_price'
[2026-09-01 22:07:46.302288] خطا در محاسبه اندیکاتورها: 'str' object has no attribute 'close_price'
[2026-09-01 22:07:46.382026] خطا در محاسبه اندیکاتورها: 'str' object has no attribute 'close_price'
[2026-09-01 22:07:46.428113] خطا در محاسبه اندیکاتورها: 'str' object has no attribute 'close_price'
[2026-09-01 22:07:46.519042] خطا در محاسبه اندیکاتورها: 'str' object has no attribute 'close_price'
[2026-09-01 22:07:46.650328] خطا در محاسبه اندیکاتورها: 'str' object has no attribute 'close_price'
[2026-09-01 22:07:46.737933] خطا در محاسبه اندیکاتورها: 'str' object has no attribute 'close_price'
[2026-09-01 22:07:46.780619] تحلیل 0 سهم با موفقیت انجام شد
[2026-09-01 22:07:46.789557] هیچ داده‌ای پیدا نشد
