[2026-08-30 22:49:18] ======================================================================
[2026-08-30 22:49:18] 🚀 Smart_Bourse Started
[2026-08-30 22:49:18] ⏱  Start Time : 2026-08-30 22:49:18.549225
[2026-08-30 22:49:18] ======================================================================
[2026-08-30 22:49:18] 
[2026-08-30 22:49:18] ======================================================================
[2026-08-30 22:49:18] 📥 STEP 1 : SYMBOL DOWNLOADER
[2026-08-30 22:49:18] ======================================================================
[2026-08-30 22:51:43] ✅ TOTAL SYMBOLS: 1390
[2026-08-30 22:51:43] 
[2026-08-30 22:51:43] ======================================================================
[2026-08-30 22:51:43] 📥 STEP 2 : MARKET DOWNLOADER
[2026-08-30 22:51:43] ======================================================================
[2026-08-30 22:51:44] ✅ RECORDS DOWNLOADED: 3
[2026-08-30 22:51:44] 📊 SYMBOLS: Foolad, Femeli, Khodro
[2026-08-30 22:51:44] 📌 Sample record: {'symbol': 'Foolad', 'trade_date': '2026-08-30', 'open_price': 2777.0, 'high_price': 2777.0, 'low_price': 2740.0, 'close_price': 2776.0, 'volume': 1658402344.0}
[2026-08-30 22:51:44] 
[2026-08-30 22:51:44] ======================================================================
[2026-08-30 22:51:44] 💾 STEP 3 : HISTORY MANAGER
[2026-08-30 22:51:44] ======================================================================
[2026-08-30 22:51:44] ✅ History saved.
[2026-08-30 22:51:44] 
[2026-08-30 22:51:44] ======================================================================
[2026-08-30 22:51:44] 💾 STEP 4 : MARKET DATABASE
[2026-08-30 22:51:44] ======================================================================
[2026-08-30 22:51:44] ✅ Database updated.
[2026-08-30 22:51:44] 
[2026-08-30 22:51:44] ======================================================================
[2026-08-30 22:51:44] 📥 STEP 5 : HISTORY DOWNLOADER
[2026-08-30 22:51:44] ======================================================================
[2026-08-30 22:51:44] 🔍 Downloading history for: Foolad
[2026-08-30 22:51:45] ✅ History saved for Foolad
[2026-08-30 22:51:45] 🔍 Downloading history for: Femeli
[2026-08-30 22:51:46] ✅ History saved for Femeli
[2026-08-30 22:51:46] 🔍 Downloading history for: Khodro
[2026-08-30 22:51:47] ✅ History saved for Khodro
[2026-08-30 22:51:47] 
[2026-08-30 22:51:47] ======================================================================
[2026-08-30 22:51:47] 📈 STEP 6 : MARKET MANAGER
[2026-08-30 22:51:47] ======================================================================
[2026-08-30 22:51:47] ✅ Market manager executed.
[2026-08-30 22:51:47] 
[2026-08-30 22:51:47] ======================================================================
[2026-08-30 22:51:47] 📊 STEP 7 : SECTOR MANAGER
[2026-08-30 22:51:47] ======================================================================
[2026-08-30 22:51:47] 🔹 فولاد → فلزات اساسی
[2026-08-30 22:51:47] 🔹 فملی → فلزات اساسی
[2026-08-30 22:51:47] 🔹 خودرو → خودرویی
[2026-08-30 22:51:47] 
[2026-08-30 22:51:47] ======================================================================
[2026-08-30 22:51:47] 📋 STEP 8 : SYMBOL DATABASE REPORT
[2026-08-30 22:51:47] ======================================================================
[2026-08-30 22:51:47] ✅ TOTAL SYMBOLS IN DB: 1390
[2026-08-30 22:51:47] 
[2026-08-30 22:51:47] ======================================================================
[2026-08-30 22:51:47] 🔍 STEP 9 : LOAD SYMBOLS
[2026-08-30 22:51:47] ======================================================================
[2026-08-30 22:51:47] 📊 SYMBOLS TO ANALYZE: Foolad, Femeli, Khodro
[2026-08-30 22:51:47] 
[2026-08-30 22:51:47] ======================================================================
[2026-08-30 22:51:47] 📈 STEP 10 : ANALYSIS
[2026-08-30 22:51:47] ======================================================================
[2026-08-30 22:51:47] 
[2026-08-30 22:51:47] ================================================================================
[2026-08-30 22:51:47] 🔍 ANALYZING : Foolad
[2026-08-30 22:51:47] ================================================================================
[2026-08-30 22:51:47] 📊 History Records: 365
[2026-08-30 22:51:53] 📊 Technical Indicators:
[2026-08-30 22:51:53]    Moving Average       : 2488.2
[2026-08-30 22:51:53]    EMA                  : 2553.88
[2026-08-30 22:51:53]    RSI                  : 72.67
[2026-08-30 22:51:53]    MACD                 : {'MACD': 29.92, 'Signal': -21.88, 'Histogram': 51.8, 'Trend': 'Bullish'}
[2026-08-30 22:51:53]    Bollinger            : {'Upper': 2802.41, 'Middle': 2488.2, 'Lower': 2173.99}
[2026-08-30 22:51:53]    Fibonacci            : {'0%': 3367.0, '23.6%': 2572.39, '38.2%': 2080.81, '50%': 1683.5, '61.8%': 1286.19, '78.6%': 720.54, '100%': 0.0, 'Swing High': 3367.0, 'Swing Low': 0.0}
[2026-08-30 22:51:53]    Ichimoku             : {'Tenkan': 2559.5, 'Kijun': 2856.0, 'Senkou A': 2707.75, 'Senkou B': 3336.0, 'Chikou': 2776.0, 'Cloud Top': 3336.0, 'Cloud Bottom': 2707.75, 'Cloud Position': 'Inside', 'TK Signal': 'Bearish', 'Cloud Trend': 'Bearish', 'Trend': 'Bearish'}
[2026-08-30 22:51:53]    ATR                  : 923.23
[2026-08-30 22:51:53]    ADX                  : 75.45
[2026-08-30 22:51:53]    SuperTrend           : {'ATR': 923.23, 'SuperTrend': 3756.36, 'Trend': 'Sell'}
[2026-08-30 22:51:53] 📈 Strategy Signal: {'signal': 'HOLD', 'score': 47, 'risk': 'LOW', 'risk_score': 1, 'confidence': 6.0, 'reasons': ['RSI is overbought', 'MACD is bullish', 'EMA is above moving average', 'SuperTrend is bearish', 'RSI is in an extreme zone']}
[2026-08-30 22:51:56] 
[2026-08-30 22:51:56] ================================================================================
[2026-08-30 22:51:56] 🔍 ANALYZING : Femeli
[2026-08-30 22:51:56] ================================================================================
[2026-08-30 22:51:56] 📊 History Records: 365
[2026-08-30 22:52:02] 📊 Technical Indicators:
[2026-08-30 22:52:02]    Moving Average       : 18157.5
[2026-08-30 22:52:02]    EMA                  : 19090.87
[2026-08-30 22:52:02]    RSI                  : 62.85
[2026-08-30 22:52:02]    MACD                 : {'MACD': 215.41, 'Signal': -49.87, 'Histogram': 265.28, 'Trend': 'Bullish'}
[2026-08-30 22:52:02]    Bollinger            : {'Upper': 21335.91, 'Middle': 18157.5, 'Lower': 14979.09}
[2026-08-30 22:52:02]    Fibonacci            : {'0%': 23640.0, '23.6%': 18060.96, '38.2%': 14609.52, '50%': 11820.0, '61.8%': 9030.48, '78.6%': 5058.96, '100%': 0.0, 'Swing High': 23640.0, 'Swing Low': 0.0}
[2026-08-30 22:52:02]    Ichimoku             : {'Tenkan': 19435.0, 'Kijun': 17565.0, 'Senkou A': 18500.0, 'Senkou B': 19115.0, 'Chikou': 20540.0, 'Cloud Top': 19115.0, 'Cloud Bottom': 18500.0, 'Cloud Position': 'Above', 'TK Signal': 'Bullish', 'Cloud Trend': 'Bearish', 'Trend': 'Bullish'}
[2026-08-30 22:52:02]    ATR                  : 2796.42
[2026-08-30 22:52:02]    ADX                  : 30.07
[2026-08-30 22:52:02]    SuperTrend           : {'ATR': 2796.42, 'SuperTrend': 21826.39, 'Trend': 'Sell'}
[2026-08-30 22:52:02] 📈 Strategy Signal: {'signal': 'BUY', 'score': 70, 'risk': 'LOW', 'risk_score': 0, 'confidence': 40.0, 'reasons': ['MACD is bullish', 'EMA is above moving average', 'SuperTrend is bearish']}
[2026-08-30 22:52:05] 
[2026-08-30 22:52:05] ================================================================================
[2026-08-30 22:52:05] 🔍 ANALYZING : Khodro
[2026-08-30 22:52:05] ================================================================================
[2026-08-30 22:52:05] 📊 History Records: 365
[2026-08-30 22:52:11] 📊 Technical Indicators:
[2026-08-30 22:52:11]    Moving Average       : 615.85
[2026-08-30 22:52:11]    EMA                  : 650.64
[2026-08-30 22:52:11]    RSI                  : 83.05
[2026-08-30 22:52:11]    MACD                 : {'MACD': 42.57, 'Signal': 31.24, 'Histogram': 11.33, 'Trend': 'Bullish'}
[2026-08-30 22:52:11]    Bollinger            : {'Upper': 727.54, 'Middle': 615.85, 'Lower': 504.16}
[2026-08-30 22:52:11]    Fibonacci            : {'0%': 736.0, '23.6%': 562.3, '38.2%': 454.85, '50%': 368.0, '61.8%': 281.15, '78.6%': 157.5, '100%': 0.0, 'Swing High': 736.0, 'Swing Low': 0.0}
[2026-08-30 22:52:11]    Ichimoku             : {'Tenkan': 666.0, 'Kijun': 612.0, 'Senkou A': 639.0, 'Senkou B': 612.0, 'Chikou': 730.0, 'Cloud Top': 639.0, 'Cloud Bottom': 612.0, 'Cloud Position': 'Above', 'TK Signal': 'Bullish', 'Cloud Trend': 'Bullish', 'Trend': 'Bullish'}
[2026-08-30 22:52:11]    ATR                  : 37.96
[2026-08-30 22:52:11]    ADX                  : 19.23
[2026-08-30 22:52:11]    SuperTrend           : {'ATR': 37.96, 'SuperTrend': 606.62, 'Trend': 'Buy'}
[2026-08-30 22:52:11] 📈 Strategy Signal: {'signal': 'STRONG BUY', 'score': 95, 'risk': 'MEDIUM', 'risk_score': 4, 'confidence': 85.0, 'reasons': ['RSI is deeply overbought', 'MACD is bullish', 'EMA is above moving average', 'SuperTrend is bullish', 'Trend strength is weak']}
[2026-08-30 22:52:14] 
[2026-08-30 22:52:14] ================================================================================
[2026-08-30 22:52:14] 📊 FINAL REPORT
[2026-08-30 22:52:14] ================================================================================
[2026-08-30 22:52:14] 
[2026-08-30 22:52:14] ======================================================================
[2026-08-30 22:52:14] ✅ System Ready
[2026-08-30 22:52:14] ======================================================================
[2026-08-30 22:52:14] 📁 Full log saved to: logs\run_20260830_224918.log
