[2026-09-01 17:17:55] ======================================================================
[2026-09-01 17:17:55] 🚀 Smart_Bourse Started
[2026-09-01 17:17:55] ⏱  Start Time : 2026-09-01 17:17:55.576681
[2026-09-01 17:17:55] ======================================================================
[2026-09-01 17:17:55] 
[2026-09-01 17:17:55] ======================================================================
[2026-09-01 17:17:55] 📥 STEP 1 : SYMBOL DOWNLOADER
[2026-09-01 17:17:55] ======================================================================
[2026-09-01 17:23:42] ✅ TOTAL SYMBOLS: 1398
[2026-09-01 17:23:42] 
[2026-09-01 17:23:42] ======================================================================
[2026-09-01 17:23:42] 📥 STEP 2 : MARKET DOWNLOADER
[2026-09-01 17:23:42] ======================================================================
[2026-09-01 17:23:43] ✅ RECORDS DOWNLOADED: 3
[2026-09-01 17:23:43] 📊 SYMBOLS: Foolad, Femeli, Khodro
[2026-09-01 17:23:43] 📌 Sample record: {'symbol': 'Foolad', 'trade_date': '2026-09-01', 'open_price': 2820.0, 'high_price': 2855.0, 'low_price': 2689.0, 'close_price': 2751.0, 'volume': 3782729420.0}
[2026-09-01 17:23:43] 
[2026-09-01 17:23:43] ======================================================================
[2026-09-01 17:23:43] 💾 STEP 3 : HISTORY MANAGER
[2026-09-01 17:23:43] ======================================================================
[2026-09-01 17:23:44] ✅ History saved.
[2026-09-01 17:23:44] 
[2026-09-01 17:23:44] ======================================================================
[2026-09-01 17:23:44] 💾 STEP 4 : MARKET DATABASE
[2026-09-01 17:23:44] ======================================================================
[2026-09-01 17:23:44] ✅ Database updated.
[2026-09-01 17:23:44] 
[2026-09-01 17:23:44] ======================================================================
[2026-09-01 17:23:44] 📥 STEP 5 : HISTORY DOWNLOADER
[2026-09-01 17:23:44] ======================================================================
[2026-09-01 17:23:44] 🔍 Downloading history for: Foolad
[2026-09-01 17:23:45] ✅ History saved for Foolad
[2026-09-01 17:23:45] 🔍 Downloading history for: Femeli
[2026-09-01 17:23:46] ✅ History saved for Femeli
[2026-09-01 17:23:46] 🔍 Downloading history for: Khodro
[2026-09-01 17:23:48] ✅ History saved for Khodro
[2026-09-01 17:23:48] 
[2026-09-01 17:23:48] ======================================================================
[2026-09-01 17:23:48] 📈 STEP 6 : MARKET MANAGER
[2026-09-01 17:23:48] ======================================================================
[2026-09-01 17:23:48] ✅ Market manager executed.
[2026-09-01 17:23:48] 
[2026-09-01 17:23:48] ======================================================================
[2026-09-01 17:23:48] 📊 STEP 7 : SECTOR MANAGER
[2026-09-01 17:23:48] ======================================================================
[2026-09-01 17:23:48] 🔹 فولاد → فلزات اساسی
[2026-09-01 17:23:48] 🔹 فملی → فلزات اساسی
[2026-09-01 17:23:48] 🔹 خودرو → خودرویی
[2026-09-01 17:23:48] 
[2026-09-01 17:23:48] ======================================================================
[2026-09-01 17:23:48] 📋 STEP 8 : SYMBOL DATABASE REPORT
[2026-09-01 17:23:48] ======================================================================
[2026-09-01 17:23:48] ✅ TOTAL SYMBOLS IN DB: 1398
[2026-09-01 17:23:48] 
[2026-09-01 17:23:48] ======================================================================
[2026-09-01 17:23:48] 🔍 STEP 9 : LOAD SYMBOLS
[2026-09-01 17:23:48] ======================================================================
[2026-09-01 17:23:48] 📊 SYMBOLS TO ANALYZE: Foolad, Femeli, Khodro
[2026-09-01 17:23:48] 
[2026-09-01 17:23:48] ======================================================================
[2026-09-01 17:23:48] 📈 STEP 10 : ANALYSIS
[2026-09-01 17:23:48] ======================================================================
[2026-09-01 17:23:48] 
[2026-09-01 17:23:48] ================================================================================
[2026-09-01 17:23:48] 🔍 ANALYZING : Foolad
[2026-09-01 17:23:48] ================================================================================
[2026-09-01 17:23:48] 📊 History Records: 365
[2026-09-01 17:23:54] 📊 Technical Indicators:
[2026-09-01 17:23:54]    Moving Average       : 2496.6
[2026-09-01 17:23:54]    EMA                  : 2582.96
[2026-09-01 17:23:54]    RSI                  : 72.13
[2026-09-01 17:23:54]    MACD                 : {'MACD': 44.19, 'Signal': -7.6, 'Histogram': 51.79, 'Trend': 'Bullish'}
[2026-09-01 17:23:54]    Bollinger            : {'Upper': 2831.07, 'Middle': 2496.6, 'Lower': 2162.13}
[2026-09-01 17:23:54]    Fibonacci            : {'0%': 3367.0, '23.6%': 2572.39, '38.2%': 2080.81, '50%': 1683.5, '61.8%': 1286.19, '78.6%': 720.54, '100%': 0.0, 'Swing High': 3367.0, 'Swing Low': 0.0}
[2026-09-01 17:23:54]    Ichimoku             : {'Tenkan': 2609.5, 'Kijun': 2856.0, 'Senkou A': 2732.75, 'Senkou B': 3336.0, 'Chikou': 2772.0, 'Cloud Top': 3336.0, 'Cloud Bottom': 2732.75, 'Cloud Position': 'Inside', 'TK Signal': 'Bearish', 'Cloud Trend': 'Bearish', 'Trend': 'Bearish'}
[2026-09-01 17:23:54]    ATR                  : 867.71
[2026-09-01 17:23:54]    ADX                  : 76.52
[2026-09-01 17:23:54]    SuperTrend           : {'ATR': 867.71, 'SuperTrend': 3756.36, 'Trend': 'Sell'}
[2026-09-01 17:23:54] 📈 Strategy Signal: {'signal': 'HOLD', 'score': 47, 'risk': 'LOW', 'risk_score': 1, 'confidence': 6.0, 'reasons': ['RSI is overbought', 'MACD is bullish', 'EMA is above moving average', 'SuperTrend is bearish', 'RSI is in an extreme zone']}
[2026-09-01 17:23:57] 
[2026-09-01 17:23:57] ================================================================================
[2026-09-01 17:23:57] 🔍 ANALYZING : Femeli
[2026-09-01 17:23:57] ================================================================================
[2026-09-01 17:23:57] 📊 History Records: 365
[2026-09-01 17:24:03] 📊 Technical Indicators:
[2026-09-01 17:24:03]    Moving Average       : 18214.0
[2026-09-01 17:24:03]    EMA                  : 19365.42
[2026-09-01 17:24:03]    RSI                  : 66.18
[2026-09-01 17:24:03]    MACD                 : {'MACD': 357.46, 'Signal': 42.14, 'Histogram': 315.32, 'Trend': 'Bullish'}
[2026-09-01 17:24:03]    Bollinger            : {'Upper': 21558.66, 'Middle': 18214.0, 'Lower': 14869.34}
[2026-09-01 17:24:03]    Fibonacci            : {'0%': 23640.0, '23.6%': 18060.96, '38.2%': 14609.52, '50%': 11820.0, '61.8%': 9030.48, '78.6%': 5058.96, '100%': 0.0, 'Swing High': 23640.0, 'Swing Low': 0.0}
[2026-09-01 17:24:03]    Ichimoku             : {'Tenkan': 19740.0, 'Kijun': 17870.0, 'Senkou A': 18805.0, 'Senkou B': 19115.0, 'Chikou': 21150.0, 'Cloud Top': 19115.0, 'Cloud Bottom': 18805.0, 'Cloud Position': 'Above', 'TK Signal': 'Bullish', 'Cloud Trend': 'Bearish', 'Trend': 'Bullish'}
[2026-09-01 17:24:03]    ATR                  : 2640.25
[2026-09-01 17:24:03]    ADX                  : 29.86
[2026-09-01 17:24:03]    SuperTrend           : {'ATR': 2640.25, 'SuperTrend': 21826.39, 'Trend': 'Sell'}
[2026-09-01 17:24:03] 📈 Strategy Signal: {'signal': 'BUY', 'score': 70, 'risk': 'LOW', 'risk_score': 0, 'confidence': 40.0, 'reasons': ['MACD is bullish', 'EMA is above moving average', 'SuperTrend is bearish']}
[2026-09-01 17:24:06] 
[2026-09-01 17:24:06] ================================================================================
[2026-09-01 17:24:06] 🔍 ANALYZING : Khodro
[2026-09-01 17:24:06] ================================================================================
[2026-09-01 17:24:06] 📊 History Records: 365
[2026-09-01 17:24:12] 📊 Technical Indicators:
[2026-09-01 17:24:12]    Moving Average       : 624.95
[2026-09-01 17:24:12]    EMA                  : 658.95
[2026-09-01 17:24:12]    RSI                  : 75.69
[2026-09-01 17:24:12]    MACD                 : {'MACD': 43.73, 'Signal': 33.98, 'Histogram': 9.75, 'Trend': 'Bullish'}
[2026-09-01 17:24:12]    Bollinger            : {'Upper': 737.16, 'Middle': 624.95, 'Lower': 512.74}
[2026-09-01 17:24:12]    Fibonacci            : {'0%': 736.0, '23.6%': 562.3, '38.2%': 454.85, '50%': 368.0, '61.8%': 281.15, '78.6%': 157.5, '100%': 0.0, 'Swing High': 736.0, 'Swing Low': 0.0}
[2026-09-01 17:24:12]    Ichimoku             : {'Tenkan': 666.0, 'Kijun': 614.0, 'Senkou A': 640.0, 'Senkou B': 612.0, 'Chikou': 713.0, 'Cloud Top': 640.0, 'Cloud Bottom': 612.0, 'Cloud Position': 'Above', 'TK Signal': 'Bullish', 'Cloud Trend': 'Bullish', 'Trend': 'Bullish'}
[2026-09-01 17:24:12]    ATR                  : 36.75
[2026-09-01 17:24:12]    ADX                  : 20.36
[2026-09-01 17:24:12]    SuperTrend           : {'ATR': 36.75, 'SuperTrend': 608.75, 'Trend': 'Buy'}
[2026-09-01 17:24:12] 📈 Strategy Signal: {'signal': 'STRONG BUY', 'score': 97, 'risk': 'LOW', 'risk_score': 2, 'confidence': 94.0, 'reasons': ['RSI is overbought', 'MACD is bullish', 'EMA is above moving average', 'SuperTrend is bullish', 'Trend strength is moderate', 'RSI is in an extreme zone']}
[2026-09-01 17:24:15] 
[2026-09-01 17:24:15] ================================================================================
[2026-09-01 17:24:15] 📊 FINAL REPORT
[2026-09-01 17:24:15] ================================================================================
[2026-09-01 17:24:15] 
[2026-09-01 17:24:15] ======================================================================
[2026-09-01 17:24:15] ✅ System Ready
[2026-09-01 17:24:15] ======================================================================
[2026-09-01 17:24:15] 📁 Full log saved to: logs\run_20260901_171755.log
