[2026-09-01 17:45:49] ======================================================================
[2026-09-01 17:45:49] 🚀 Smart_Bourse Started
[2026-09-01 17:45:49] ⏱  Start Time : 2026-09-01 17:45:49.099005
[2026-09-01 17:45:49] ======================================================================
[2026-09-01 17:45:49] 
[2026-09-01 17:45:49] ======================================================================
[2026-09-01 17:45:49] 📥 STEP 1 : SYMBOL DOWNLOADER
[2026-09-01 17:45:49] ======================================================================
[2026-09-01 17:51:21] ✅ TOTAL SYMBOLS: 1415
[2026-09-01 17:51:21] 
[2026-09-01 17:51:21] ======================================================================
[2026-09-01 17:51:21] 📥 STEP 2 : MARKET DOWNLOADER
[2026-09-01 17:51:21] ======================================================================
[2026-09-01 17:51:22] ✅ RECORDS DOWNLOADED: 3
[2026-09-01 17:51:22] 📊 SYMBOLS: Foolad, Femeli, Khodro
[2026-09-01 17:51:22] 📌 Sample record: {'symbol': 'Foolad', 'trade_date': '2026-09-01', 'open_price': 2820.0, 'high_price': 2855.0, 'low_price': 2689.0, 'close_price': 2751.0, 'volume': 3782729420.0}
[2026-09-01 17:51:22] 
[2026-09-01 17:51:22] ======================================================================
[2026-09-01 17:51:22] 💾 STEP 3 : HISTORY MANAGER
[2026-09-01 17:51:22] ======================================================================
[2026-09-01 17:51:22] ✅ History saved.
[2026-09-01 17:51:22] 
[2026-09-01 17:51:22] ======================================================================
[2026-09-01 17:51:22] 💾 STEP 4 : MARKET DATABASE
[2026-09-01 17:51:22] ======================================================================
[2026-09-01 17:51:23] ✅ Database updated.
[2026-09-01 17:51:23] 
[2026-09-01 17:51:23] ======================================================================
[2026-09-01 17:51:23] 📥 STEP 5 : HISTORY DOWNLOADER (ALL SYMBOLS)
[2026-09-01 17:51:23] ======================================================================
[2026-09-01 17:51:23] 📊 TOTAL SYMBOLS TO DOWNLOAD: 1415
[2026-09-01 17:51:27] ✅ تاریخچه آفاق دانلود شد.
[2026-09-01 17:51:28] ✅ تاریخچه آوان دانلود شد.
[2026-09-01 17:51:30] ✅ تاریخچه اجداد دانلود شد.
[2026-09-01 17:51:36]    دانلود 50/1415 ...
[2026-09-01 17:51:36] ✅ تاریخچه اطمینان دانلود شد.
[2026-09-01 17:51:37] ✅ تاریخچه البرز دانلود شد.
[2026-09-01 17:51:38] ✅ تاریخچه امين يكم دانلود شد.
[2026-09-01 17:51:38] ✅ تاریخچه انار دانلود شد.
[2026-09-01 17:51:40] ✅ تاریخچه اکتان دانلود شد.
[2026-09-01 17:51:41] ✅ تاریخچه بالبرح دانلود شد.
[2026-09-01 17:51:42] ✅ تاریخچه بذر دانلود شد.
[2026-09-01 17:51:45] ✅ تاریخچه بهمن دانلود شد.
[2026-09-01 17:51:45]    دانلود 100/1415 ...
[2026-09-01 17:51:46] ✅ تاریخچه بپیوند دانلود شد.
[2026-09-01 17:51:46] ✅ تاریخچه بپيوند دانلود شد.
[2026-09-01 17:51:51] ✅ تاریخچه تنوین دانلود شد.
[2026-09-01 17:51:59]    دانلود 150/1415 ...
[2026-09-01 17:52:17]    دانلود 200/1415 ...
[2026-09-01 17:52:38]    دانلود 250/1415 ...
[2026-09-01 17:52:55]    دانلود 300/1415 ...
[2026-09-01 17:53:03] ✅ تاریخچه دلقما دانلود شد.
[2026-09-01 17:53:11]    دانلود 350/1415 ...
[2026-09-01 17:53:33]    دانلود 400/1415 ...
[2026-09-01 17:53:53]    دانلود 450/1415 ...
[2026-09-01 17:53:56] ✅ تاریخچه شاراکح دانلود شد.
[2026-09-01 17:54:08]    دانلود 500/1415 ...
[2026-09-01 17:54:32]    دانلود 550/1415 ...
[2026-09-01 17:55:00]    دانلود 600/1415 ...
[2026-09-01 17:55:29]    دانلود 650/1415 ...
[2026-09-01 17:55:56]    دانلود 700/1415 ...
[2026-09-01 17:56:22]    دانلود 750/1415 ...
[2026-09-01 17:56:31]    دانلود 800/1415 ...
[2026-09-01 17:56:52]    دانلود 850/1415 ...
[2026-09-01 17:57:13]    دانلود 900/1415 ...
[2026-09-01 17:57:33]    دانلود 950/1415 ...
[2026-09-01 17:57:45]    دانلود 1000/1415 ...
[2026-09-01 17:57:46] ✅ تاریخچه لبوتانح دانلود شد.
[2026-09-01 17:58:08]    دانلود 1050/1415 ...
[2026-09-01 17:58:21]    دانلود 1100/1415 ...
[2026-09-01 17:58:43]    دانلود 1150/1415 ...
[2026-09-01 17:59:02]    دانلود 1200/1415 ...
[2026-09-01 17:59:23]    دانلود 1250/1415 ...
[2026-09-01 17:59:37]    دانلود 1300/1415 ...
[2026-09-01 17:59:47]    دانلود 1350/1415 ...
[2026-09-01 18:00:06]    دانلود 1400/1415 ...
[2026-09-01 18:00:14] ✅ دانلود تاریخچه 1415 سهم کامل شد.
[2026-09-01 18:00:14] 
[2026-09-01 18:00:14] ======================================================================
[2026-09-01 18:00:14] 📈 STEP 6 : MARKET MANAGER
[2026-09-01 18:00:14] ======================================================================
[2026-09-01 18:00:14] ✅ Market manager executed.
[2026-09-01 18:00:14] 
[2026-09-01 18:00:14] ======================================================================
[2026-09-01 18:00:14] 📊 STEP 7 : SECTOR MANAGER
[2026-09-01 18:00:14] ======================================================================
[2026-09-01 18:00:14] 🔹 فولاد → فلزات اساسی
[2026-09-01 18:00:14] 🔹 فملی → فلزات اساسی
[2026-09-01 18:00:14] 🔹 خودرو → خودرویی
[2026-09-01 18:00:14] 
[2026-09-01 18:00:14] ======================================================================
[2026-09-01 18:00:14] 📋 STEP 8 : SYMBOL DATABASE REPORT
[2026-09-01 18:00:14] ======================================================================
[2026-09-01 18:00:14] ✅ TOTAL SYMBOLS IN DB: 1415
[2026-09-01 18:00:14] 
[2026-09-01 18:00:14] ======================================================================
[2026-09-01 18:00:14] 🔍 STEP 9 : LOAD SYMBOLS
[2026-09-01 18:00:14] ======================================================================
[2026-09-01 18:00:14] 📊 SYMBOLS TO ANALYZE: Foolad, Femeli, Khodro
[2026-09-01 18:00:14] 
[2026-09-01 18:00:14] ======================================================================
[2026-09-01 18:00:14] 📈 STEP 10 : ANALYSIS
[2026-09-01 18:00:14] ======================================================================
[2026-09-01 18:00:14] 
[2026-09-01 18:00:14] ================================================================================
[2026-09-01 18:00:14] 🔍 ANALYZING : Foolad
[2026-09-01 18:00:14] ================================================================================
[2026-09-01 18:00:14] 📊 History Records: 365
[2026-09-01 18:00:21] 📊 Technical Indicators:
[2026-09-01 18:00:21]    Moving Average       : 2496.6
[2026-09-01 18:00:21]    EMA                  : 2582.96
[2026-09-01 18:00:21]    RSI                  : 72.13
[2026-09-01 18:00:21]    MACD                 : {'MACD': 44.19, 'Signal': -7.6, 'Histogram': 51.79, 'Trend': 'Bullish'}
[2026-09-01 18:00:21]    Bollinger            : {'Upper': 2831.07, 'Middle': 2496.6, 'Lower': 2162.13}
[2026-09-01 18:00:21]    Fibonacci            : {'0%': 3367.0, '23.6%': 2572.39, '38.2%': 2080.81, '50%': 1683.5, '61.8%': 1286.19, '78.6%': 720.54, '100%': 0.0, 'Swing High': 3367.0, 'Swing Low': 0.0}
[2026-09-01 18:00:21]    Ichimoku             : {'Tenkan': 2609.5, 'Kijun': 2856.0, 'Senkou A': 2732.75, 'Senkou B': 3336.0, 'Chikou': 2772.0, 'Cloud Top': 3336.0, 'Cloud Bottom': 2732.75, 'Cloud Position': 'Inside', 'TK Signal': 'Bearish', 'Cloud Trend': 'Bearish', 'Trend': 'Bearish'}
[2026-09-01 18:00:21]    ATR                  : 867.71
[2026-09-01 18:00:21]    ADX                  : 76.52
[2026-09-01 18:00:21]    SuperTrend           : {'ATR': 867.71, 'SuperTrend': 3756.36, 'Trend': 'Sell'}
[2026-09-01 18:00:21] 📈 Strategy Signal: {'signal': 'HOLD', 'score': 47, 'risk': 'LOW', 'risk_score': 1, 'confidence': 6.0, 'reasons': ['RSI is overbought', 'MACD is bullish', 'EMA is above moving average', 'SuperTrend is bearish', 'RSI is in an extreme zone']}
[2026-09-01 18:00:25] 
[2026-09-01 18:00:25] ================================================================================
[2026-09-01 18:00:25] 🔍 ANALYZING : Femeli
[2026-09-01 18:00:25] ================================================================================
[2026-09-01 18:00:25] 📊 History Records: 365
[2026-09-01 18:00:31] 📊 Technical Indicators:
[2026-09-01 18:00:31]    Moving Average       : 18214.0
[2026-09-01 18:00:31]    EMA                  : 19365.42
[2026-09-01 18:00:31]    RSI                  : 66.18
[2026-09-01 18:00:31]    MACD                 : {'MACD': 357.46, 'Signal': 42.14, 'Histogram': 315.32, 'Trend': 'Bullish'}
[2026-09-01 18:00:31]    Bollinger            : {'Upper': 21558.66, 'Middle': 18214.0, 'Lower': 14869.34}
[2026-09-01 18:00:31]    Fibonacci            : {'0%': 23640.0, '23.6%': 18060.96, '38.2%': 14609.52, '50%': 11820.0, '61.8%': 9030.48, '78.6%': 5058.96, '100%': 0.0, 'Swing High': 23640.0, 'Swing Low': 0.0}
[2026-09-01 18:00:32]    Ichimoku             : {'Tenkan': 19740.0, 'Kijun': 17870.0, 'Senkou A': 18805.0, 'Senkou B': 19115.0, 'Chikou': 21150.0, 'Cloud Top': 19115.0, 'Cloud Bottom': 18805.0, 'Cloud Position': 'Above', 'TK Signal': 'Bullish', 'Cloud Trend': 'Bearish', 'Trend': 'Bullish'}
[2026-09-01 18:00:32]    ATR                  : 2640.25
[2026-09-01 18:00:32]    ADX                  : 29.86
[2026-09-01 18:00:32]    SuperTrend           : {'ATR': 2640.25, 'SuperTrend': 21826.39, 'Trend': 'Sell'}
[2026-09-01 18:00:32] 📈 Strategy Signal: {'signal': 'BUY', 'score': 70, 'risk': 'LOW', 'risk_score': 0, 'confidence': 40.0, 'reasons': ['MACD is bullish', 'EMA is above moving average', 'SuperTrend is bearish']}
[2026-09-01 18:00:35] 
[2026-09-01 18:00:35] ================================================================================
[2026-09-01 18:00:35] 🔍 ANALYZING : Khodro
[2026-09-01 18:00:35] ================================================================================
[2026-09-01 18:00:35] 📊 History Records: 365
[2026-09-01 18:00:42] 📊 Technical Indicators:
[2026-09-01 18:00:42]    Moving Average       : 624.95
[2026-09-01 18:00:42]    EMA                  : 658.95
[2026-09-01 18:00:42]    RSI                  : 75.69
[2026-09-01 18:00:42]    MACD                 : {'MACD': 43.73, 'Signal': 33.98, 'Histogram': 9.75, 'Trend': 'Bullish'}
[2026-09-01 18:00:42]    Bollinger            : {'Upper': 737.16, 'Middle': 624.95, 'Lower': 512.74}
[2026-09-01 18:00:42]    Fibonacci            : {'0%': 736.0, '23.6%': 562.3, '38.2%': 454.85, '50%': 368.0, '61.8%': 281.15, '78.6%': 157.5, '100%': 0.0, 'Swing High': 736.0, 'Swing Low': 0.0}
[2026-09-01 18:00:42]    Ichimoku             : {'Tenkan': 666.0, 'Kijun': 614.0, 'Senkou A': 640.0, 'Senkou B': 612.0, 'Chikou': 713.0, 'Cloud Top': 640.0, 'Cloud Bottom': 612.0, 'Cloud Position': 'Above', 'TK Signal': 'Bullish', 'Cloud Trend': 'Bullish', 'Trend': 'Bullish'}
[2026-09-01 18:00:42]    ATR                  : 36.75
[2026-09-01 18:00:42]    ADX                  : 20.36
[2026-09-01 18:00:42]    SuperTrend           : {'ATR': 36.75, 'SuperTrend': 608.75, 'Trend': 'Buy'}
[2026-09-01 18:00:42] 📈 Strategy Signal: {'signal': 'STRONG BUY', 'score': 97, 'risk': 'LOW', 'risk_score': 2, 'confidence': 94.0, 'reasons': ['RSI is overbought', 'MACD is bullish', 'EMA is above moving average', 'SuperTrend is bullish', 'Trend strength is moderate', 'RSI is in an extreme zone']}
[2026-09-01 18:00:46] 
[2026-09-01 18:00:46] ================================================================================
[2026-09-01 18:00:46] 📊 FINAL REPORT
[2026-09-01 18:00:46] ================================================================================
[2026-09-01 18:00:46] 
[2026-09-01 18:00:46] ======================================================================
[2026-09-01 18:00:46] ✅ System Ready
[2026-09-01 18:00:46] ======================================================================
[2026-09-01 18:00:46] 📁 Full log saved to: logs\run_20260901_174549.log
